Component: ARM Compiler 5.06 update 6 (build 750) Tool: armlink [4d35ed]

==============================================================================

Section Cross References

    main.o(i.Clock_Init) refers to lib_clk.o(i.CLK_ClockConfig) for CLK_ClockConfig
    main.o(i.GPIO_init) refers to lib_uart.o(i.UART_DeInit) for UART_DeInit
    main.o(i.GPIO_init) refers to lib_gpio.o(i.GPIOBToF_Init) for GPIOBToF_Init
    main.o(i.GPIO_init) refers to lib_gpio.o(i.GPIOBToF_ResetBits) for GPIOBToF_ResetBits
    main.o(i.GPIO_init) refers to lib_gpio.o(i.GPIOBToF_SetBits) for GPIOBToF_SetBits
    main.o(i.GPIO_init) refers to lib_gpio.o(i.GPIOA_Init) for GPIOA_Init
    main.o(i.PMU_init) refers to lib_wdt.o(i.WDT_Disable) for WDT_Disable
    main.o(i.PMU_init) refers to lib_gpio.o(i.GPIOA_Init) for GPIOA_Init
    main.o(i.PMU_init) refers to lib_gpio.o(i.GPIOBToF_Init) for GPIOBToF_Init
    main.o(i.PMU_init) refers to lib_pmu.o(i.PMU_EnterSleep_LowPower) for PMU_EnterSleep_LowPower
    main.o(i.Task0_Process) refers to key.o(i.key_proc) for key_proc
    main.o(i.Task0_Process) refers to main.o(i.upright_check) for upright_check
    main.o(i.Task0_Process) refers to main.o(i.wsx_install_check) for wsx_install_check
    main.o(i.Task0_Process) refers to main.o(i.work_mode_proc) for work_mode_proc
    main.o(i.Task0_Process) refers to motor_ctrl.o(i.motor_proc) for motor_proc
    main.o(i.Task0_Process) refers to main.o(i.dirty_display) for dirty_display
    main.o(i.Task0_Process) refers to lib_wdt.o(i.WDT_Clear) for WDT_Clear
    main.o(i.Task1_Process) refers to user.o(.data) for wsx_full_check
    main.o(i.Task2_Process) refers to uart.o(i.uart2_send_cmd) for uart2_send_cmd
    main.o(i.Task2_Process) refers to uart.o(i.uarts_comm_proc) for uarts_comm_proc
    main.o(i.Task2_Process) refers to uart.o(.bss) for uart
    main.o(i.adc_auto_trig_init) refers to lib_adc.o(i.ADC_DeInit) for ADC_DeInit
    main.o(i.adc_auto_trig_init) refers to lib_adc.o(i.ADC_Init) for ADC_Init
    main.o(i.adc_auto_trig_init) refers to lib_adc.o(i.ADC_CAPDivisionCmd) for ADC_CAPDivisionCmd
    main.o(i.adc_auto_trig_init) refers to lib_adc.o(i.ADC_Cmd) for ADC_Cmd
    main.o(i.adc_auto_trig_init) refers to lib_adc.o(i.ADC_TrigSourceConfig) for ADC_TrigSourceConfig
    main.o(i.adc_auto_trig_init) refers to lib_tmr.o(i.TMR_DeInit) for TMR_DeInit
    main.o(i.adc_auto_trig_init) refers to lib_tmr.o(i.TMR_Init) for TMR_Init
    main.o(i.adc_auto_trig_init) refers to lib_tmr.o(i.TMR_Cmd) for TMR_Cmd
    main.o(i.bottom_unconnect_notify) refers to main.o(.data) for sys_status
    main.o(i.bottom_unconnect_notify) refers to main.o(.bss) for sys_time
    main.o(i.brush_err_notify) refers to main.o(.data) for sys_faults
    main.o(i.brush_err_notify) refers to main.o(.bss) for sys_time
    main.o(i.brush_motor_pwm_init) refers to lib_pwm.o(i.PWM_BaseInit) for PWM_BaseInit
    main.o(i.brush_motor_pwm_init) refers to lib_pwm.o(i.PWM_OLineConfig) for PWM_OLineConfig
    main.o(i.brush_motor_pwm_init) refers to lib_pwm.o(i.PWM_OC2Init) for PWM_OC2Init
    main.o(i.brush_motor_pwm_init) refers to lib_pwm.o(i.PWM_ClearCounter) for PWM_ClearCounter
    main.o(i.brush_motor_pwm_init) refers to lib_pwm.o(i.PWM_OutputCmd) for PWM_OutputCmd
    main.o(i.ir_tx_disable) refers to lib_gpio.o(i.GPIOBToF_ResetBits) for GPIOBToF_ResetBits
    main.o(i.ir_tx_disable) refers to main.o(.data) for ir
    main.o(i.ir_tx_enable) refers to lib_gpio.o(i.GPIOBToF_SetBits) for GPIOBToF_SetBits
    main.o(i.ir_tx_enable) refers to main.o(.data) for ir
    main.o(i.main) refers to lib_wdt.o(i.WDT_Disable) for WDT_Disable
    main.o(i.main) refers to main.o(i.Clock_Init) for Clock_Init
    main.o(i.main) refers to main.o(i.GPIO_init) for GPIO_init
    main.o(i.main) refers to lib_pmu.o(i.PMU_WakeUpPinConfig) for PMU_WakeUpPinConfig
    main.o(i.main) refers to lib_pmu.o(i.PMU_ClearIOAINTStatus) for PMU_ClearIOAINTStatus
    main.o(i.main) refers to lib_pmu.o(i.PMU_INTConfig) for PMU_INTConfig
    main.o(i.main) refers to lib_cortex.o(i.CORTEX_SystemTick_Config) for CORTEX_SystemTick_Config
    main.o(i.main) refers to lib_cortex.o(i.CORTEX_SetPriority_ClearPending_EnableIRQ) for CORTEX_SetPriority_ClearPending_EnableIRQ
    main.o(i.main) refers to delay.o(i.delay_init) for delay_init
    main.o(i.main) refers to lib_gpio.o(i.GPIOBToF_SetBits) for GPIOBToF_SetBits
    main.o(i.main) refers to adc.o(i.adc_init) for adc_init
    main.o(i.main) refers to highspeedmotor.o(i.highSpeedMotorInit) for highSpeedMotorInit
    main.o(i.main) refers to floorbrushpump.o(i.floorBrushPumpInit) for floorBrushPumpInit
    main.o(i.main) refers to floorbrushmotor.o(i.floorBrushMotorInit) for floorBrushMotorInit
    main.o(i.main) refers to hardwaretimer.o(i.timer0Init) for timer0Init
    main.o(i.main) refers to hardwaretimer.o(i.timer1Init) for timer1Init
    main.o(i.main) refers to main.o(i.uarts_init) for uarts_init
[...]
    i.prvGetExpectedIdleTime                 0x00004ae4   Section        0  tasks.o(i.prvGetExpectedIdleTime)
    prvGetExpectedIdleTime                   0x00004ae5   Thumb Code    58  tasks.o(i.prvGetExpectedIdleTime)
    i.prvGetNextExpireTime                   0x00004b34   Section        0  timers.o(i.prvGetNextExpireTime)
    prvGetNextExpireTime                     0x00004b35   Thumb Code    40  timers.o(i.prvGetNextExpireTime)
    i.prvHeapInit                            0x00004b60   Section        0  heap_4.o(i.prvHeapInit)
    prvHeapInit                              0x00004b61   Thumb Code   100  heap_4.o(i.prvHeapInit)
    i.prvIdleTask                            0x00004bdc   Section        0  tasks.o(i.prvIdleTask)
    prvIdleTask                              0x00004bdd   Thumb Code    86  tasks.o(i.prvIdleTask)
    i.prvInitialiseNewQueue                  0x00004c40   Section        0  queue.o(i.prvInitialiseNewQueue)
    prvInitialiseNewQueue                    0x00004c41   Thumb Code    44  queue.o(i.prvInitialiseNewQueue)
    i.prvInitialiseNewTask                   0x00004c6c   Section        0  tasks.o(i.prvInitialiseNewTask)
    prvInitialiseNewTask                     0x00004c6d   Thumb Code   206  tasks.o(i.prvInitialiseNewTask)
    i.prvInitialiseTaskLists                 0x00004d3c   Section        0  tasks.o(i.prvInitialiseTaskLists)
    prvInitialiseTaskLists                   0x00004d3d   Thumb Code    68  tasks.o(i.prvInitialiseTaskLists)
    i.prvInsertBlockIntoFreeList             0x00004da0   Section        0  heap_4.o(i.prvInsertBlockIntoFreeList)
    prvInsertBlockIntoFreeList               0x00004da1   Thumb Code    96  heap_4.o(i.prvInsertBlockIntoFreeList)
    i.prvInsertTimerInActiveList             0x00004e08   Section        0  timers.o(i.prvInsertTimerInActiveList)
    prvInsertTimerInActiveList               0x00004e09   Thumb Code    76  timers.o(i.prvInsertTimerInActiveList)
    i.prvIsQueueEmpty                        0x00004e5c   Section        0  queue.o(i.prvIsQueueEmpty)
    prvIsQueueEmpty                          0x00004e5d   Thumb Code    28  queue.o(i.prvIsQueueEmpty)
    i.prvProcessExpiredTimer                 0x00004e78   Section        0  timers.o(i.prvProcessExpiredTimer)
    prvProcessExpiredTimer                   0x00004e79   Thumb Code    64  timers.o(i.prvProcessExpiredTimer)
    i.prvProcessReceivedCommands             0x00004ebc   Section        0  timers.o(i.prvProcessReceivedCommands)
    prvProcessReceivedCommands               0x00004ebd   Thumb Code   278  timers.o(i.prvProcessReceivedCommands)
    i.prvProcessTimerOrBlockTask             0x00004fd8   Section        0  timers.o(i.prvProcessTimerOrBlockTask)
    prvProcessTimerOrBlockTask               0x00004fd9   Thumb Code   100  timers.o(i.prvProcessTimerOrBlockTask)
    i.prvReloadTimer                         0x00005044   Section        0  timers.o(i.prvReloadTimer)
    prvReloadTimer                           0x00005045   Thumb Code    40  timers.o(i.prvReloadTimer)
    i.prvResetNextTaskUnblockTime            0x0000506c   Section        0  tasks.o(i.prvResetNextTaskUnblockTime)
    prvResetNextTaskUnblockTime              0x0000506d   Thumb Code    44  tasks.o(i.prvResetNextTaskUnblockTime)
    i.prvSampleTimeNow                       0x000050a0   Section        0  timers.o(i.prvSampleTimeNow)
    prvSampleTimeNow                         0x000050a1   Thumb Code    40  timers.o(i.prvSampleTimeNow)
    i.prvSwitchTimerLists                    0x000050cc   Section        0  timers.o(i.prvSwitchTimerLists)
    prvSwitchTimerLists                      0x000050cd   Thumb Code    60  timers.o(i.prvSwitchTimerLists)
    i.prvTaskExitError                       0x00005110   Section        0  port.o(i.prvTaskExitError)
    prvTaskExitError                         0x00005111   Thumb Code    32  port.o(i.prvTaskExitError)
    i.prvTimerTask                           0x00005134   Section        0  timers.o(i.prvTimerTask)
    prvTimerTask                             0x00005135   Thumb Code    26  timers.o(i.prvTimerTask)
    i.prvUnlockQueue                         0x0000514e   Section        0  queue.o(i.prvUnlockQueue)
    prvUnlockQueue                           0x0000514f   Thumb Code   142  queue.o(i.prvUnlockQueue)
    i.pvPortMalloc                           0x000051dc   Section        0  heap_4.o(i.pvPortMalloc)
    i.pxPortInitialiseStack                  0x00005320   Section        0  port.o(i.pxPortInitialiseStack)
    i.sensorTask                             0x00005340   Section        0  taskmanage.o(i.sensorTask)
    i.setHighSpeedMotorStatus                0x0000536c   Section        0  highspeedmotor.o(i.setHighSpeedMotorStatus)
    i.testFreeRTOS                           0x00005378   Section        0  taskmanage.o(i.testFreeRTOS)
    i.testGPIOHigh                           0x000053c4   Section        0  main.o(i.testGPIOHigh)
    i.testGPIOLow                            0x000053d8   Section        0  main.o(i.testGPIOLow)
    i.testGPIOinit                           0x000053ec   Section        0  main.o(i.testGPIOinit)
    i.test_Task                              0x0000541c   Section        0  taskmanage.o(i.test_Task)
    i.timer0Init                             0x00005484   Section        0  hardwaretimer.o(i.timer0Init)
    i.timer0Start                            0x000054b8   Section        0  hardwaretimer.o(i.timer0Start)
    i.timer0Stop                             0x000054c8   Section        0  hardwaretimer.o(i.timer0Stop)
    i.timer1Init                             0x000054d8   Section        0  hardwaretimer.o(i.timer1Init)
    i.uart0_rx_check                         0x00005514   Section        0  uart.o(i.uart0_rx_check)
    i.uart1_rx_check                         0x00005518   Section        0  uart.o(i.uart1_rx_check)
    i.uart2_rx_check                         0x0000555c   Section        0  uart.o(i.uart2_rx_check)
    i.uart3_rx_check                         0x00005584   Section        0  uart.o(i.uart3_rx_check)
    i.uartTask                               0x00005588   Section        0  taskmanage.o(i.uartTask)
    i.uarts_data_init                        0x000055b0   Section        0  uart.o(i.uarts_data_init)
    i.uarts_init                             0x00005608   Section        0  main.o(i.uarts_init)
    i.user_data_init                         0x00005768   Section        0  user.o(i.user_data_init)
    i.uxListRemove                           0x00005784   Section        0  list.o(i.uxListRemove)
    i.vApplicationGetIdleTaskMemory          0x000057ac   Section        0  taskmanage.o(i.vApplicationGetIdleTaskMemory)
    i.vApplicationGetTimerTaskMemory         0x000057c4   Section        0  taskmanage.o(i.vApplicationGetTimerTaskMemory)
    i.vApplicationIdleHook                   0x000057dc   Section        0  taskmanage.o(i.vApplicationIdleHook)
    i.vListInitialise                        0x000057e0   Section        0  list.o(i.vListInitialise)
    i.vListInitialiseItem                    0x000057fa   Section        0  list.o(i.vListInitialiseItem)
    i.vListInsert                            0x00005800   Section        0  list.o(i.vListInsert)
    i.vListInsertEnd                         0x00005836   Section        0  list.o(i.vListInsertEnd)
    i.vPortEnterCritical                     0x00005850   Section        0  port.o(i.vPortEnterCritical)
    i.vPortExitCritical                      0x0000586c   Section        0  port.o(i.vPortExitCritical)
    i.vPortFree                              0x00005894   Section        0  heap_4.o(i.vPortFree)
    i.vPortSetupTimerInterrupt               0x00005924   Section        0  port.o(i.vPortSetupTimerInterrupt)
    i.vPortSuppressTicksAndSleep             0x00005984   Section        0  port.o(i.vPortSuppressTicksAndSleep)
    i.vPortYield                             0x00005ac8   Section        0  port.o(i.vPortYield)
    i.vQueueAddToRegistry                    0x00005ae0   Section        0  queue.o(i.vQueueAddToRegistry)
    i.vQueueWaitForMessageRestricted         0x00005b34   Section        0  queue.o(i.vQueueWaitForMessageRestricted)
    i.vTaskDelay                             0x00005b80   Section        0  tasks.o(i.vTaskDelay)
    i.vTaskDelete                            0x00005bc4   Section        0  tasks.o(i.vTaskDelete)
    i.vTaskInternalSetTimeOutState           0x00005c80   Section        0  tasks.o(i.vTaskInternalSetTimeOutState)
    i.vTaskMissedYield                       0x00005c98   Section        0  tasks.o(i.vTaskMissedYield)
    i.vTaskPlaceOnEventList                  0x00005ca4   Section        0  tasks.o(i.vTaskPlaceOnEventList)
    i.vTaskPlaceOnEventListRestricted        0x00005cd0   Section        0  tasks.o(i.vTaskPlaceOnEventListRestricted)
    i.vTaskStartScheduler                    0x00005d28   Section        0  tasks.o(i.vTaskStartScheduler)
    i.vTaskStepTick                          0x00005dd0   Section        0  tasks.o(i.vTaskStepTick)
    i.vTaskSuspendAll                        0x00005e04   Section        0  tasks.o(i.vTaskSuspendAll)
    i.vTaskSwitchContext                     0x00005e14   Section        0  tasks.o(i.vTaskSwitchContext)
    i.xPortStartScheduler                    0x00005e94   Section        0  port.o(i.xPortStartScheduler)
    i.xQueueGenericCreate                    0x00005ecc   Section        0  queue.o(i.xQueueGenericCreate)
    i.xQueueGenericCreateStatic              0x00005f34   Section        0  queue.o(i.xQueueGenericCreateStatic)
    i.xQueueGenericReset                     0x00005fa8   Section        0  queue.o(i.xQueueGenericReset)
    i.xQueueReceive                          0x0000605e   Section        0  queue.o(i.xQueueReceive)
    i.xTaskCheckForTimeOut                   0x00006198   Section        0  tasks.o(i.xTaskCheckForTimeOut)
    i.xTaskCreateStatic                      0x00006210   Section        0  tasks.o(i.xTaskCreateStatic)
    i.xTaskGetSchedulerState                 0x00006298   Section        0  tasks.o(i.xTaskGetSchedulerState)
    i.xTaskGetTickCount                      0x000062bc   Section        0  tasks.o(i.xTaskGetTickCount)
    i.xTaskIncrementTick                     0x000062c8   Section        0  tasks.o(i.xTaskIncrementTick)
    i.xTaskRemoveFromEventList               0x00006470   Section        0  tasks.o(i.xTaskRemoveFromEventList)
    i.xTaskResumeAll                         0x0000657c   Section        0  tasks.o(i.xTaskResumeAll)
    i.xTimerCreateTimerTask                  0x000066d8   Section        0  timers.o(i.xTimerCreateTimerTask)
    .constdata                               0x00006748   Section       16  segger_rtt_printf.o(.constdata)
    _aV2C                                    0x00006748   Data          16  segger_rtt_printf.o(.constdata)
    i.PMU_EnterIdle_FlashDSTB                0x20000000   Section        0  lib_coderam.o(i.PMU_EnterIdle_FlashDSTB)
    __tagsym$$used                           0x20000001   Number         0  lib_coderam.o(i.PMU_EnterIdle_FlashDSTB)
    .data                                    0x20000028   Section       28  main.o(.data)
    .data                                    0x20000044   Section       47  target_isr.o(.data)
    highSpeedMotorPulseTotalTime             0x20000050   Data           4  target_isr.o(.data)
    highSpeedMotorPulseCount                 0x20000054   Data           4  target_isr.o(.data)
    judgeButton1LongPressTimeInterval        0x20000058   Data           4  target_isr.o(.data)
    judgeButton2LongPressTimeInterval        0x2000005c   Data           4  target_isr.o(.data)
    judgeButton1IsLongPress                  0x20000060   Data           1  target_isr.o(.data)
    judgeButton2IsLongPress                  0x20000061   Data           1  target_isr.o(.data)
    isOneSecondComing                        0x20000062   Data           2  target_isr.o(.data)
    systemTimeSecond                         0x20000064   Data           4  target_isr.o(.data)
    .data                                    0x20000074   Section       26  user.o(.data)
    .data                                    0x20000090   Section      100  adc.o(.data)
    voltageConvertResultValue                0x200000e8   Data           4  adc.o(.data)
    adcChannelTotal                          0x200000ec   Data           7  adc.o(.data)
    adcChannelIndex                          0x200000f3   Data           1  adc.o(.data)
    .data                                    0x200000f4   Section        8  delay.o(.data)
    .data                                    0x200000fc   Section        5  dwinscreendriver.o(.data)
    txDataIndex                              0x200000fd   Data           1  dwinscreendriver.o(.data)
    testnum                                  0x200000fe   Data           1  dwinscreendriver.o(.data)
    dataIndex                                0x200000ff   Data           1  dwinscreendriver.o(.data)
    rxState                                  0x20000100   Data           1  dwinscreendriver.o(.data)
    .data                                    0x20000101   Section        2  chargepedestal.o(.data)
    txDataIndex                              0x20000101   Data           1  chargepedestal.o(.data)
    testnum                                  0x20000102   Data           1  chargepedestal.o(.data)
    .data                                    0x20000103   Section        5  battery.o(.data)
    txDataIndex                              0x20000104   Data           1  battery.o(.data)
    dataIndex                                0x20000105   Data           1  battery.o(.data)
    rxState                                  0x20000106   Data           1  battery.o(.data)
    chkSum                                   0x20000107   Data           1  battery.o(.data)
    .data                                    0x20000108   Section        8  highspeedmotor.o(.data)
    m_motorSatus                             0x20000108   Data           1  highspeedmotor.o(.data)
    isOpenHighMotor                          0x20000109   Data           1  highspeedmotor.o(.data)
    isModifyHighMotorDuty                    0x2000010a   Data           1  highspeedmotor.o(.data)
    highMotorDutyInitValue                   0x2000010c   Data           4  highspeedmotor.o(.data)
    .data                                    0x20000110   Section        4  lib_clk.o(.data)
    .data                                    0x20000114   Section       64  tasks.o(.data)
    pxDelayedTaskList                        0x20000118   Data           4  tasks.o(.data)
    pxOverflowDelayedTaskList                0x2000011c   Data           4  tasks.o(.data)
    uxDeletedTasksWaitingCleanUp             0x20000120   Data           4  tasks.o(.data)
    uxCurrentNumberOfTasks                   0x20000124   Data           4  tasks.o(.data)
    xTickCount                               0x20000128   Data           4  tasks.o(.data)
    uxTopReadyPriority                       0x2000012c   Data           4  tasks.o(.data)
    xSchedulerRunning                        0x20000130   Data           4  tasks.o(.data)
    xPendedTicks                             0x20000134   Data           4  tasks.o(.data)
    xYieldPending                            0x20000138   Data           4  tasks.o(.data)
    xNumOfOverflows                          0x2000013c   Data           4  tasks.o(.data)
    uxTaskNumber                             0x20000140   Data           4  tasks.o(.data)
    xNextTaskUnblockTime                     0x20000144   Data           4  tasks.o(.data)
    xIdleTaskHandle                          0x20000148   Data           4  tasks.o(.data)
    uxSchedulerSuspended                     0x20000150   Data           4  tasks.o(.data)
    .data                                    0x20000154   Section       20  timers.o(.data)
    pxCurrentTimerList                       0x20000154   Data           4  timers.o(.data)
    pxOverflowTimerList                      0x20000158   Data           4  timers.o(.data)
    xTimerQueue                              0x2000015c   Data           4  timers.o(.data)
    xTimerTaskHandle                         0x20000160   Data           4  timers.o(.data)
    xLastTime                                0x20000164   Data           4  timers.o(.data)
    .data                                    0x20000168   Section       16  port.o(.data)
    uxCriticalNesting                        0x20000168   Data           4  port.o(.data)
    ulTimerCountsForOneTick                  0x2000016c   Data           4  port.o(.data)
    xMaximumPossibleSuppressedTicks          0x20000170   Data           4  port.o(.data)
    ulStoppedTimerCompensation               0x20000174   Data           4  port.o(.data)
    .data                                    0x20000178   Section       32  heap_4.o(.data)
    xStart                                   0x20000178   Data           8  heap_4.o(.data)
    pxEnd                                    0x20000180   Data           4  heap_4.o(.data)
    xFreeBytesRemaining                      0x20000184   Data           4  heap_4.o(.data)
    xMinimumEverFreeBytesRemaining           0x20000188   Data           4  heap_4.o(.data)
    xNumberOfSuccessfulAllocations           0x2000018c   Data           4  heap_4.o(.data)
    xNumberOfSuccessfulFrees                 0x20000190   Data           4  heap_4.o(.data)
    xBlockAllocatedBit                       0x20000194   Data           4  heap_4.o(.data)
    .data                                    0x20000198   Section       28  taskmanage.o(.data)
    AppTaskCreate_Handle                     0x20000198   Data           4  taskmanage.o(.data)
    LED_Task_Handle                          0x2000019c   Data           4  taskmanage.o(.data)
    test_Task_Handle                         0x200001a0   Data           4  taskmanage.o(.data)
    uartTaskHandle                           0x200001a4   Data           4  taskmanage.o(.data)
    sensorTaskHandle                         0x200001a8   Data           4  taskmanage.o(.data)
    messageTaskHandle                        0x200001ac   Data           4  taskmanage.o(.data)
    messageQueueHandle                       0x200001b0   Data           4  taskmanage.o(.data)
    .data                                    0x200001b4   Section        4  stdout.o(.data)
    .bss                                     0x200001b8   Section      192  uart.o(.bss)
    .bss                                     0x20000278   Section       72  dwinscreendriver.o(.bss)
    rxPacket                                 0x20000278   Data          36  dwinscreendriver.o(.bss)
    txPacket                                 0x2000029c   Data          36  dwinscreendriver.o(.bss)
    .bss                                     0x200002c0   Section       49  chargepedestal.o(.bss)
    .bss                                     0x200002f2   Section       20  battery.o(.bss)
    .bss                                     0x20000308   Section       64  queue.o(.bss)
    .bss                                     0x20000348   Section      200  tasks.o(.bss)
    pxReadyTasksLists                        0x20000348   Data         100  tasks.o(.bss)
    xDelayedTaskList1                        0x200003ac   Data          20  tasks.o(.bss)
    xDelayedTaskList2                        0x200003c0   Data          20  tasks.o(.bss)
    xPendingReadyList                        0x200003d4   Data          20  tasks.o(.bss)
    xTasksWaitingTermination                 0x200003e8   Data          20  tasks.o(.bss)
    xSuspendedTaskList                       0x200003fc   Data          20  tasks.o(.bss)
    .bss                                     0x20000410   Section      144  timers.o(.bss)
    xActiveTimerList1                        0x20000410   Data          20  timers.o(.bss)
    xActiveTimerList2                        0x20000424   Data          20  timers.o(.bss)
    xStaticTimerQueue                        0x20000438   Data          80  timers.o(.bss)
    ucStaticTimerQueueStorage                0x20000488   Data          24  timers.o(.bss)
    .bss                                     0x200004a0   Section    16384  heap_4.o(.bss)
    ucHeap                                   0x200004a0   Data       16384  heap_4.o(.bss)
    .bss                                     0x200044a0   Section     1208  segger_rtt.o(.bss)
    _acUpBuffer                              0x20004548   Data        1024  segger_rtt.o(.bss)
    _acDownBuffer                            0x20004948   Data          16  segger_rtt.o(.bss)
    .bss                                     0x20004958   Section     5792  taskmanage.o(.bss)
    AppTaskCreate_Stack                      0x20004958   Data         512  taskmanage.o(.bss)
    LED_Task_Stack                           0x20004b58   Data         512  taskmanage.o(.bss)
    AppTaskCreate_TCB                        0x20004d58   Data          84  taskmanage.o(.bss)
    LED_Task_TCB                             0x20004dac   Data          84  taskmanage.o(.bss)
    Idle_Task_Stack                          0x20004e00   Data        1024  taskmanage.o(.bss)
    Timer_Task_Stack                         0x20005200   Data        1024  taskmanage.o(.bss)
    Idle_Task_TCB                            0x20005600   Data          84  taskmanage.o(.bss)
    Timer_Task_TCB                           0x20005654   Data          84  taskmanage.o(.bss)
    test_Task_Stack                          0x200056a8   Data         512  taskmanage.o(.bss)
    led_Task_TCB                             0x200058a8   Data          84  taskmanage.o(.bss)
    uartTaskStack                            0x200058fc   Data         512  taskmanage.o(.bss)
    uartTaskTCB                              0x20005afc   Data          84  taskmanage.o(.bss)
    sensorTaskStack                          0x20005b50   Data         512  taskmanage.o(.bss)
    sensorTaskTCB                            0x20005d50   Data          84  taskmanage.o(.bss)
    messageTaskStack                         0x20005da4   Data         512  taskmanage.o(.bss)
    messageTaskTCB                           0x20005fa4   Data          84  taskmanage.o(.bss)
    STACK                                    0x20005ff8   Section     4096  startup_target.o(STACK)

    Global Symbols

    Symbol Name                              Value     Ov Type        Size  Object(Section)

    BuildAttributes$$THM_ISAv3M$S$PE$A:L22$X:L11$S22$IEEE1$IW$USESV6$~STKCKD$USESV7$~SHL$OTIME$ROPI$EBA8$MICROLIB$REQ8$PRES8$EABIv2 0x00000000   Number         0  anon$$obj.o ABSOLUTE
    __ARM_use_no_argv                        0x00000000   Number         0  main.o ABSOLUTE
    __Vectors                                0x00000000   Data           4  startup_target.o(RESET)
    _printf_a                                0x00000000   Number         0  stubs.o ABSOLUTE
    _printf_c                                0x00000000   Number         0  stubs.o ABSOLUTE
    _printf_charcount                        0x00000000   Number         0  stubs.o ABSOLUTE
    _printf_d                                0x00000000   Number         0  stubs.o ABSOLUTE
    _printf_e                                0x00000000   Number         0  stubs.o ABSOLUTE
    _printf_f                                0x00000000   Number         0  stubs.o ABSOLUTE
    _printf_flags                            0x00000000   Number         0  stubs.o ABSOLUTE
    _printf_fp_dec                           0x00000000   Number         0  stubs.o ABSOLUTE
    _printf_fp_hex                           0x00000000   Number         0  stubs.o ABSOLUTE
    _printf_g                                0x00000000   Number         0  stubs.o ABSOLUTE
    _printf_i                                0x00000000   Number         0  stubs.o ABSOLUTE
    _printf_int_dec                          0x00000000   Number         0  stubs.o ABSOLUTE
    _printf_l                                0x00000000   Number         0  stubs.o ABSOLUTE
    _printf_lc                               0x00000000   Number         0  stubs.o ABSOLUTE
    _printf_ll                               0x00000000   Number         0  stubs.o ABSOLUTE
    _printf_lld                              0x00000000   Number         0  stubs.o ABSOLUTE
    _printf_lli                              0x00000000   Number         0  stubs.o ABSOLUTE
    _printf_llo                              0x00000000   Number         0  stubs.o ABSOLUTE
    _printf_llu                              0x00000000   Number         0  stubs.o ABSOLUTE
    _printf_llx                              0x00000000   Number         0  stubs.o ABSOLUTE
    _printf_longlong_dec                     0x00000000   Number         0  stubs.o ABSOLUTE
    _printf_longlong_hex                     0x00000000   Number         0  stubs.o ABSOLUTE
    _printf_longlong_oct                     0x00000000   Number         0  stubs.o ABSOLUTE
    _printf_ls                               0x00000000   Number         0  stubs.o ABSOLUTE
    _printf_mbtowc                           0x00000000   Number         0  stubs.o ABSOLUTE
    _printf_n                                0x00000000   Number         0  stubs.o ABSOLUTE
    _printf_o                                0x00000000   Number         0  stubs.o ABSOLUTE
    _printf_p                                0x00000000   Number         0  stubs.o ABSOLUTE
    _printf_percent                          0x00000000   Number         0  stubs.o ABSOLUTE
    _printf_pre_padding                      0x00000000   Number         0  stubs.o ABSOLUTE
    _printf_return_value                     0x00000000   Number         0  stubs.o ABSOLUTE
    _printf_s                                0x00000000   Number         0  stubs.o ABSOLUTE
    _printf_sizespec                         0x00000000   Number         0  stubs.o ABSOLUTE
    _printf_str                              0x00000000   Number         0  stubs.o ABSOLUTE
    _printf_truncate_signed                  0x00000000   Number         0  stubs.o ABSOLUTE
    _printf_truncate_unsigned                0x00000000   Number         0  stubs.o ABSOLUTE
    _printf_u                                0x00000000   Number         0  stubs.o ABSOLUTE
    _printf_wc                               0x00000000   Number         0  stubs.o ABSOLUTE
    _printf_wctomb                           0x00000000   Number         0  stubs.o ABSOLUTE
    _printf_widthprec                        0x00000000   Number         0  stubs.o ABSOLUTE
    _printf_x                                0x00000000   Number         0  stubs.o ABSOLUTE
    __cpp_initialize__aeabi_                  - Undefined Weak Reference
    __cxa_finalize                            - Undefined Weak Reference
    _clock_init                               - Undefined Weak Reference
    _microlib_exit                            - Undefined Weak Reference
    Reset_Handler                            0x000000c1   Thumb Code     8  startup_target.o(.ARM.__AT_0xC0)
    __Vectors_End                            0x000000c0   Data           0  startup_target.o(RESET)
    __Vectors_Size                           0x000000c0   Number         0  startup_target.o ABSOLUTE
    __main                                   0x00000341   Thumb Code     0  entry.o(.ARM.Collect$$$$00000000)
    _main_stk                                0x00000341   Thumb Code     0  entry2.o(.ARM.Collect$$$$00000001)
    _main_scatterload                        0x00000345   Thumb Code     0  entry5.o(.ARM.Collect$$$$00000004)
    __main_after_scatterload                 0x00000349   Thumb Code     0  entry5.o(.ARM.Collect$$$$00000004)
    _main_clock                              0x00000349   Thumb Code     0  entry7b.o(.ARM.Collect$$$$00000008)
    _main_cpp_init                           0x00000349   Thumb Code     0  entry8b.o(.ARM.Collect$$$$0000000A)
    _main_init                               0x00000349   Thumb Code     0  entry9a.o(.ARM.Collect$$$$0000000B)
    __rt_final_cpp                           0x00000351   Thumb Code     0  entry10a.o(.ARM.Collect$$$$0000000D)
    __rt_final_exit                          0x00000351   Thumb Code     0  entry11a.o(.ARM.Collect$$$$0000000F)
    __asm___6_port_c_39a90d8d__prvPortStartFirstTask 0x00000355   Thumb Code    36  port.o(.emb_text)
    ulSetInterruptMaskFromISR                0x0000037d   Thumb Code     8  port.o(.emb_text)
    vClearInterruptMaskFromISR               0x00000385   Thumb Code     6  port.o(.emb_text)
    PendSV_Handler                           0x0000038b   Thumb Code    62  port.o(.emb_text)
    SVC_Handler                              0x000003d1   Thumb Code     2  startup_target.o(.text)
    __aeabi_uidiv                            0x000003d9   Thumb Code     0  uidiv.o(.text)
    __aeabi_uidivmod                         0x000003d9   Thumb Code    44  uidiv.o(.text)
    __aeabi_idiv                             0x00000405   Thumb Code     0  idiv.o(.text)
    __aeabi_idivmod                          0x00000405   Thumb Code    40  idiv.o(.text)
    __aeabi_memcpy                           0x0000042d   Thumb Code    36  memcpya.o(.text)
    __aeabi_memcpy4                          0x0000042d   Thumb Code     0  memcpya.o(.text)
    __aeabi_memcpy8                          0x0000042d   Thumb Code     0  memcpya.o(.text)
    __aeabi_memset                           0x00000451   Thumb Code    14  memseta.o(.text)
    __aeabi_memset4                          0x00000451   Thumb Code     0  memseta.o(.text)
    __aeabi_memset8                          0x00000451   Thumb Code     0  memseta.o(.text)
    __aeabi_memclr                           0x0000045f   Thumb Code     4  memseta.o(.text)
    __aeabi_memclr4                          0x0000045f   Thumb Code     0  memseta.o(.text)
    __aeabi_memclr8                          0x0000045f   Thumb Code     0  memseta.o(.text)
    memset                                   0x00000463   Thumb Code    18  memseta.o(.text)
    strcpy                                   0x00000475   Thumb Code    18  strcpy.o(.text)
    __aeabi_dadd                             0x00000489   Thumb Code   328  dadd.o(.text)
    __aeabi_dsub                             0x000005d1   Thumb Code    12  dadd.o(.text)
    __aeabi_drsub                            0x000005dd   Thumb Code    12  dadd.o(.text)
    __aeabi_dmul                             0x000005ed   Thumb Code   202  dmul.o(.text)
    __aeabi_ddiv                             0x000006bd   Thumb Code   234  ddiv.o(.text)
    __aeabi_uldivmod                         0x000007ad   Thumb Code    96  uldiv.o(.text)
    __aeabi_llsl                             0x0000080d   Thumb Code    32  llshl.o(.text)
    _ll_shift_l                              0x0000080d   Thumb Code     0  llshl.o(.text)
    __aeabi_lasr                             0x0000082d   Thumb Code    38  llsshr.o(.text)
    _ll_sshift_r                             0x0000082d   Thumb Code     0  llsshr.o(.text)
    __I$use$fp                               0x00000853   Thumb Code     0  iusefp.o(.text)
    _double_round                            0x00000853   Thumb Code    26  depilogue.o(.text)
    _double_epilogue                         0x0000086d   Thumb Code   164  depilogue.o(.text)
    __aeabi_d2ulz                            0x00000911   Thumb Code    54  dfixul.o(.text)
    __aeabi_cdrcmple                         0x00000951   Thumb Code    38  cdrcmple.o(.text)
    __scatterload                            0x00000979   Thumb Code    28  init.o(.text)
    __scatterload_rt2                        0x00000979   Thumb Code     0  init.o(.text)
    __aeabi_llsr                             0x0000099d   Thumb Code    34  llushr.o(.text)
    _ll_ushift_r                             0x0000099d   Thumb Code     0  llushr.o(.text)
    __decompress                             0x000009bf   Thumb Code     0  __dczerorl.o(.text)
    __decompress0                            0x000009bf   Thumb Code    58  __dczerorl.o(.text)
    ADC_CAPDivisionCmd                       0x000009f9   Thumb Code    58  lib_adc.o(i.ADC_CAPDivisionCmd)
    ADC_ClearManualDoneFlag                  0x00000a69   Thumb Code     8  lib_adc.o(i.ADC_ClearManualDoneFlag)
    ADC_Cmd                                  0x00000a75   Thumb Code    86  lib_adc.o(i.ADC_Cmd)
    ADC_DeInit                               0x00000b01   Thumb Code    68  lib_adc.o(i.ADC_DeInit)
    ADC_GetADCConversionValue                0x00000b4d   Thumb Code    76  lib_adc.o(i.ADC_GetADCConversionValue)
    ADC_GetManualDoneFlag                    0x00000bc9   Thumb Code    20  lib_adc.o(i.ADC_GetManualDoneFlag)
    ADC_INTConfig                            0x00000be1   Thumb Code    80  lib_adc.o(i.ADC_INTConfig)
    ADC_Init                                 0x00000c65   Thumb Code   502  lib_adc.o(i.ADC_Init)
    ADC_StartManual                          0x00000e91   Thumb Code    30  lib_adc.o(i.ADC_StartManual)
    ANA_IRQHandler                           0x00000eb5   Thumb Code    34  adc.o(i.ANA_IRQHandler)
    CLK_ClockConfig                          0x00001025   Thumb Code  1080  lib_clk.o(i.CLK_ClockConfig)
    CLK_GetHCLKFreq                          0x00001465   Thumb Code   478  lib_clk.o(i.CLK_GetHCLKFreq)
    CLK_GetPCLKFreq                          0x0000165d   Thumb Code    24  lib_clk.o(i.CLK_GetPCLKFreq)
    CORTEX_NVIC_ClearPendingIRQ              0x00001679   Thumb Code    26  lib_cortex.o(i.CORTEX_NVIC_ClearPendingIRQ)
    CORTEX_NVIC_EnableIRQ                    0x000016c1   Thumb Code    26  lib_cortex.o(i.CORTEX_NVIC_EnableIRQ)
    CORTEX_SetPriority_ClearPending_EnableIRQ 0x00001709   Thumb Code    56  lib_cortex.o(i.CORTEX_SetPriority_ClearPending_EnableIRQ)
    CORTEX_SystemTick_Config                 0x0000176d   Thumb Code    46  lib_cortex.o(i.CORTEX_SystemTick_Config)
    Clock_Init                               0x000017a5   Thumb Code    42  main.o(i.Clock_Init)
    DMA_IRQHandler                           0x000017cf   Thumb Code     2  target_isr.o(i.DMA_IRQHandler)
    FLASH_IRQHandler                         0x000017d1   Thumb Code     2  target_isr.o(i.FLASH_IRQHandler)
    GPIOA_Init                               0x000017d5   Thumb Code   186  lib_gpio.o(i.GPIOA_Init)
    GPIOA_ReadInputDataBit                   0x000018c1   Thumb Code   134  lib_gpio.o(i.GPIOA_ReadInputDataBit)
    GPIOBToF_Init                            0x00001979   Thumb Code   234  lib_gpio.o(i.GPIOBToF_Init)
    GPIOBToF_ReadOutputDataBit               0x00001a95   Thumb Code   166  lib_gpio.o(i.GPIOBToF_ReadOutputDataBit)
    GPIOBToF_ResetBits                       0x00001b6d   Thumb Code     8  lib_gpio.o(i.GPIOBToF_ResetBits)
    GPIOBToF_SetBits                         0x00001b75   Thumb Code     8  lib_gpio.o(i.GPIOBToF_SetBits)
    GPIOBToF_WriteBit                        0x00001b7d   Thumb Code   124  lib_gpio.o(i.GPIOBToF_WriteBit)
    GPIO_init                                0x00001c29   Thumb Code   142  main.o(i.GPIO_init)
    HardFault_Handler                        0x00001cc5   Thumb Code     4  target_isr.o(i.HardFault_Handler)
    I2C_IRQHandler                           0x00001cc9   Thumb Code     2  target_isr.o(i.I2C_IRQHandler)
    ISO78160_IRQHandler                      0x00001ccb   Thumb Code     2  target_isr.o(i.ISO78160_IRQHandler)
    ISO78161_IRQHandler                      0x00001ccd   Thumb Code     2  target_isr.o(i.ISO78161_IRQHandler)
    NMI_Handler                              0x00001ccf   Thumb Code     4  target_isr.o(i.NMI_Handler)
    PMU_ClearIOAINTStatus                    0x00001cd5   Thumb Code    34  lib_pmu.o(i.PMU_ClearIOAINTStatus)
    PMU_GetIOAINTStatus                      0x00001d29   Thumb Code   114  lib_pmu.o(i.PMU_GetIOAINTStatus)
    PMU_INTConfig                            0x00001dcd   Thumb Code    80  lib_pmu.o(i.PMU_INTConfig)
    PMU_IRQHandler                           0x00001e4d   Thumb Code   190  target_isr.o(i.PMU_IRQHandler)
    PMU_WakeUpPinConfig                      0x00001f65   Thumb Code   332  lib_pmu.o(i.PMU_WakeUpPinConfig)
    PWM0_IRQHandler                          0x000020e1   Thumb Code     2  target_isr.o(i.PWM0_IRQHandler)
    PWM1_IRQHandler                          0x000020e3   Thumb Code     2  target_isr.o(i.PWM1_IRQHandler)
    PWM2_IRQHandler                          0x000020e5   Thumb Code     2  target_isr.o(i.PWM2_IRQHandler)
    PWM3_IRQHandler                          0x000020e7   Thumb Code     2  target_isr.o(i.PWM3_IRQHandler)
    PWM_BaseInit                             0x000020e9   Thumb Code   162  lib_pwm.o(i.PWM_BaseInit)
    PWM_ClearCounter                         0x000021bd   Thumb Code    56  lib_pwm.o(i.PWM_ClearCounter)
    PWM_OC1Init                              0x00002225   Thumb Code   146  lib_pwm.o(i.PWM_OC1Init)
    PWM_OC2Init                              0x000022e9   Thumb Code   146  lib_pwm.o(i.PWM_OC2Init)
    PWM_OLineConfig                          0x000023ad   Thumb Code   150  lib_pwm.o(i.PWM_OLineConfig)
    PWM_OutputCmd                            0x00002475   Thumb Code   138  lib_pwm.o(i.PWM_OutputCmd)
    RTC_IRQHandler                           0x00002531   Thumb Code     2  target_isr.o(i.RTC_IRQHandler)
    RTC_PrescalerConfig                      0x00002535   Thumb Code    62  lib_rtc.o(i.RTC_PrescalerConfig)
    RTC_WaitForSynchro                       0x000025a9   Thumb Code    16  lib_rtc.o(i.RTC_WaitForSynchro)
    RTC_WriteProtection                      0x000025bd   Thumb Code    50  lib_rtc.o(i.RTC_WriteProtection)
    SEGGER_RTT_Write                         0x00002625   Thumb Code    66  segger_rtt.o(i.SEGGER_RTT_Write)
    SEGGER_RTT_WriteNoLock                   0x0000266d   Thumb Code   128  segger_rtt.o(i.SEGGER_RTT_WriteNoLock)
    SEGGER_RTT_printf                        0x000026f1   Thumb Code    36  segger_rtt_printf.o(i.SEGGER_RTT_printf)
    SEGGER_RTT_vprintf                       0x00002715   Thumb Code   536  segger_rtt_printf.o(i.SEGGER_RTT_vprintf)
    SPI1_IRQHandler                          0x0000292d   Thumb Code     2  target_isr.o(i.SPI1_IRQHandler)
    SPI2_IRQHandler                          0x0000292f   Thumb Code     2  target_isr.o(i.SPI2_IRQHandler)
    Stdio_Init                               0x00002931   Thumb Code    26  v_stdio.o(i.Stdio_Init)
    SysTick_Handler                          0x00002951   Thumb Code    32  port.o(i.SysTick_Handler)
    TMR0_IRQHandler                          0x00002975   Thumb Code    30  target_isr.o(i.TMR0_IRQHandler)
    TMR1_IRQHandler                          0x0000299d   Thumb Code   154  target_isr.o(i.TMR1_IRQHandler)
    TMR2_IRQHandler                          0x00002a55   Thumb Code    20  target_isr.o(i.TMR2_IRQHandler)
    TMR3_IRQHandler                          0x00002a6d   Thumb Code    20  target_isr.o(i.TMR3_IRQHandler)
    TMR_ClearINTStatus                       0x00002a85   Thumb Code    50  lib_tmr.o(i.TMR_ClearINTStatus)
    TMR_Cmd                                  0x00002ae9   Thumb Code    88  lib_tmr.o(i.TMR_Cmd)
    TMR_DeInit                               0x00002b71   Thumb Code    66  lib_tmr.o(i.TMR_DeInit)
    TMR_GetINTStatus                         0x00002be5   Thumb Code    62  lib_tmr.o(i.TMR_GetINTStatus)
    TMR_INTConfig                            0x00002c55   Thumb Code    88  lib_tmr.o(i.TMR_INTConfig)
    TMR_Init                                 0x00002cdd   Thumb Code   120  lib_tmr.o(i.TMR_Init)
    Task_InitTime                            0x00002d85   Thumb Code    16  user.o(i.Task_InitTime)
    U32K0_IRQHandler                         0x00002d99   Thumb Code     2  target_isr.o(i.U32K0_IRQHandler)
    U32K1_IRQHandler                         0x00002d9b   Thumb Code     2  target_isr.o(i.U32K1_IRQHandler)
    UART0_IRQHandler                         0x00002d9d   Thumb Code    64  uart.o(i.UART0_IRQHandler)
    UART1_IRQHandler                         0x00002de1   Thumb Code    64  uart.o(i.UART1_IRQHandler)
    UART2_IRQHandler                         0x00002e25   Thumb Code    64  uart.o(i.UART2_IRQHandler)
    UART3_IRQHandler                         0x00002e69   Thumb Code     2  uart.o(i.UART3_IRQHandler)
    UART4_IRQHandler                         0x00002e6b   Thumb Code     2  uart.o(i.UART4_IRQHandler)
    UART5_IRQHandler                         0x00002e6d   Thumb Code   116  uart.o(i.UART5_IRQHandler)
    UART_ClearINTStatus                      0x00002ee9   Thumb Code    94  lib_uart.o(i.UART_ClearINTStatus)
    UART_DeInit                              0x00002f79   Thumb Code    92  lib_uart.o(i.UART_DeInit)
    UART_GetINTStatus                        0x00003005   Thumb Code   108  lib_uart.o(i.UART_GetINTStatus)
    UART_INTConfig                           0x000030a1   Thumb Code   134  lib_uart.o(i.UART_INTConfig)
    UART_Init                                0x00003159   Thumb Code   284  lib_uart.o(i.UART_Init)
    UART_ReceiveData                         0x000032a5   Thumb Code    68  lib_uart.o(i.UART_ReceiveData)
    UART_SendData                            0x00003319   Thumb Code    68  lib_uart.o(i.UART_SendData)
    UART_StructInit                          0x0000338d   Thumb Code    18  lib_uart.o(i.UART_StructInit)
    V8530ReceiveDWINScreenData               0x000033a1   Thumb Code   172  dwinscreendriver.o(i.V8530ReceiveDWINScreenData)
    V8530ReceiveDataFromChargePedestal       0x00003475   Thumb Code     2  chargepedestal.o(i.V8530ReceiveDataFromChargePedestal)
    V8530ReceiveFromBattery                  0x00003479   Thumb Code   264  battery.o(i.V8530ReceiveFromBattery)
    V8530SendDataToBattery                   0x000035d5   Thumb Code    68  battery.o(i.V8530SendDataToBattery)
    V8530SendDataToChargePedestal            0x00003655   Thumb Code    68  chargepedestal.o(i.V8530SendDataToChargePedestal)
    V8530SendDataToDWINScreen                0x000036d5   Thumb Code    68  dwinscreendriver.o(i.V8530SendDataToDWINScreen)
    WDT_Disable                              0x00003745   Thumb Code    32  lib_wdt.o(i.WDT_Disable)
    __0printf                                0x00003b2d   Thumb Code    24  printfa.o(i.__0printf)
    __1printf                                0x00003b2d   Thumb Code     0  printfa.o(i.__0printf)
    __2printf                                0x00003b2d   Thumb Code     0  printfa.o(i.__0printf)
    __c89printf                              0x00003b2d   Thumb Code     0  printfa.o(i.__0printf)
    printf                                   0x00003b2d   Thumb Code     0  printfa.o(i.__0printf)
    __ARM_clz                                0x00003b4d   Thumb Code    46  depilogue.o(i.__ARM_clz)
    __ARM_common_switch8                     0x00003b7b   Thumb Code    28  adc.o(i.__ARM_common_switch8)
    __scatterload_copy                       0x00003c49   Thumb Code    14  handlers.o(i.__scatterload_copy)
    __scatterload_null                       0x00003c57   Thumb Code     2  handlers.o(i.__scatterload_null)
    __scatterload_zeroinit                   0x00003c59   Thumb Code    14  handlers.o(i.__scatterload_zeroinit)
    adc_init                                 0x00004515   Thumb Code    72  adc.o(i.adc_init)
    assert_errhandler                        0x0000455d   Thumb Code     4  main.o(i.assert_errhandler)
    calc_sum                                 0x00004561   Thumb Code    30  uart.o(i.calc_sum)
    delay_init                               0x00004581   Thumb Code    40  delay.o(i.delay_init)
    eTaskConfirmSleepModeStatus              0x000045b1   Thumb Code    58  tasks.o(i.eTaskConfirmSleepModeStatus)
    floorBrushMotorInit                      0x00004601   Thumb Code    74  floorbrushmotor.o(i.floorBrushMotorInit)
    floorBrushPumpInit                       0x00004655   Thumb Code    76  floorbrushpump.o(i.floorBrushPumpInit)
    fputc                                    0x000046ad   Thumb Code    26  v_stdio.o(i.fputc)
    getHighSpeedMotorStatus                  0x000046cd   Thumb Code     6  highspeedmotor.o(i.getHighSpeedMotorStatus)
    highSpeedMotorInit                       0x000046d9   Thumb Code    78  highspeedmotor.o(i.highSpeedMotorInit)
    main                                     0x0000472d   Thumb Code   176  main.o(i.main)
    messageProcessTask                       0x000047e5   Thumb Code    34  taskmanage.o(i.messageProcessTask)
    pvPortMalloc                             0x000051dd   Thumb Code   300  heap_4.o(i.pvPortMalloc)
    pxPortInitialiseStack                    0x00005321   Thumb Code    26  port.o(i.pxPortInitialiseStack)
    sensorTask                               0x00005341   Thumb Code    20  taskmanage.o(i.sensorTask)
    setHighSpeedMotorStatus                  0x0000536d   Thumb Code     6  highspeedmotor.o(i.setHighSpeedMotorStatus)
    testFreeRTOS                             0x00005379   Thumb Code    44  taskmanage.o(i.testFreeRTOS)
    testGPIOHigh                             0x000053c5   Thumb Code    14  main.o(i.testGPIOHigh)
    testGPIOLow                              0x000053d9   Thumb Code    14  main.o(i.testGPIOLow)
    testGPIOinit                             0x000053ed   Thumb Code    42  main.o(i.testGPIOinit)
    test_Task                                0x0000541d   Thumb Code    44  taskmanage.o(i.test_Task)
    timer0Init                               0x00005485   Thumb Code    44  hardwaretimer.o(i.timer0Init)
    timer0Start                              0x000054b9   Thumb Code    12  hardwaretimer.o(i.timer0Start)
    timer0Stop                               0x000054c9   Thumb Code    12  hardwaretimer.o(i.timer0Stop)
    timer1Init                               0x000054d9   Thumb Code    52  hardwaretimer.o(i.timer1Init)
    uart0_rx_check                           0x00005515   Thumb Code     4  uart.o(i.uart0_rx_check)
    uart1_rx_check                           0x00005519   Thumb Code    62  uart.o(i.uart1_rx_check)
    uart2_rx_check                           0x0000555d   Thumb Code    36  uart.o(i.uart2_rx_check)
    uart3_rx_check                           0x00005585   Thumb Code     4  uart.o(i.uart3_rx_check)
    uartTask                                 0x00005589   Thumb Code    20  taskmanage.o(i.uartTask)
    uarts_data_init                          0x000055b1   Thumb Code    62  uart.o(i.uarts_data_init)
    uarts_init                               0x00005609   Thumb Code   338  main.o(i.uarts_init)
    user_data_init                           0x00005769   Thumb Code    20  user.o(i.user_data_init)
    uxListRemove                             0x00005785   Thumb Code    40  list.o(i.uxListRemove)
    vApplicationGetIdleTaskMemory            0x000057ad   Thumb Code    16  taskmanage.o(i.vApplicationGetIdleTaskMemory)
    vApplicationGetTimerTaskMemory           0x000057c5   Thumb Code    16  taskmanage.o(i.vApplicationGetTimerTaskMemory)
    vApplicationIdleHook                     0x000057dd   Thumb Code     4  taskmanage.o(i.vApplicationIdleHook)
    vListInitialise                          0x000057e1   Thumb Code    26  list.o(i.vListInitialise)
    vListInitialiseItem                      0x000057fb   Thumb Code     6  list.o(i.vListInitialiseItem)
    vListInsert                              0x00005801   Thumb Code    54  list.o(i.vListInsert)
    vListInsertEnd                           0x00005837   Thumb Code    24  list.o(i.vListInsertEnd)
    vPortEnterCritical                       0x00005851   Thumb Code    22  port.o(i.vPortEnterCritical)
    vPortExitCritical                        0x0000586d   Thumb Code    36  port.o(i.vPortExitCritical)
    vPortFree                                0x00005895   Thumb Code   130  heap_4.o(i.vPortFree)
    vPortSetupTimerInterrupt                 0x00005925   Thumb Code    70  port.o(i.vPortSetupTimerInterrupt)
    vPortSuppressTicksAndSleep               0x00005985   Thumb Code   306  port.o(i.vPortSuppressTicksAndSleep)
    vPortYield                               0x00005ac9   Thumb Code    18  port.o(i.vPortYield)
    vQueueAddToRegistry                      0x00005ae1   Thumb Code    80  queue.o(i.vQueueAddToRegistry)
    vQueueWaitForMessageRestricted           0x00005b35   Thumb Code    76  queue.o(i.vQueueWaitForMessageRestricted)
    vTaskDelay                               0x00005b81   Thumb Code    62  tasks.o(i.vTaskDelay)
    vTaskDelete                              0x00005bc5   Thumb Code   158  tasks.o(i.vTaskDelete)
    vTaskInternalSetTimeOutState             0x00005c81   Thumb Code    14  tasks.o(i.vTaskInternalSetTimeOutState)
    vTaskMissedYield                         0x00005c99   Thumb Code     8  tasks.o(i.vTaskMissedYield)
    vTaskPlaceOnEventList                    0x00005ca5   Thumb Code    38  tasks.o(i.vTaskPlaceOnEventList)
    vTaskPlaceOnEventListRestricted          0x00005cd1   Thumb Code    82  tasks.o(i.vTaskPlaceOnEventListRestricted)
    vTaskStartScheduler                      0x00005d29   Thumb Code   134  tasks.o(i.vTaskStartScheduler)
    vTaskStepTick                            0x00005dd1   Thumb Code    42  tasks.o(i.vTaskStepTick)
    vTaskSuspendAll                          0x00005e05   Thumb Code    12  tasks.o(i.vTaskSuspendAll)
    vTaskSwitchContext                       0x00005e15   Thumb Code   108  tasks.o(i.vTaskSwitchContext)
    xPortStartScheduler                      0x00005e95   Thumb Code    48  port.o(i.xPortStartScheduler)
    xQueueGenericCreate                      0x00005ecd   Thumb Code   104  queue.o(i.xQueueGenericCreate)
    xQueueGenericCreateStatic                0x00005f35   Thumb Code   116  queue.o(i.xQueueGenericCreateStatic)
    xQueueGenericReset                       0x00005fa9   Thumb Code   182  queue.o(i.xQueueGenericReset)
    xQueueReceive                            0x0000605f   Thumb Code   312  queue.o(i.xQueueReceive)
    xTaskCheckForTimeOut                     0x00006199   Thumb Code   110  tasks.o(i.xTaskCheckForTimeOut)
    xTaskCreateStatic                        0x00006211   Thumb Code   136  tasks.o(i.xTaskCreateStatic)
    xTaskGetSchedulerState                   0x00006299   Thumb Code    28  tasks.o(i.xTaskGetSchedulerState)
    xTaskGetTickCount                        0x000062bd   Thumb Code     6  tasks.o(i.xTaskGetTickCount)
    xTaskIncrementTick                       0x000062c9   Thumb Code   380  tasks.o(i.xTaskIncrementTick)
    xTaskRemoveFromEventList                 0x00006471   Thumb Code   244  tasks.o(i.xTaskRemoveFromEventList)
    xTaskResumeAll                           0x0000657d   Thumb Code   314  tasks.o(i.xTaskResumeAll)
    xTimerCreateTimerTask                    0x000066d9   Thumb Code    90  timers.o(i.xTimerCreateTimerTask)
    Region$$Table$$Base                      0x00006758   Number         0  anon$$obj.o(Region$$Table)
    Region$$Table$$Limit                     0x00006788   Number         0  anon$$obj.o(Region$$Table)
    PMU_EnterIdle_FlashDSTB                  0x20000001   Thumb Code    26  lib_coderam.o(i.PMU_EnterIdle_FlashDSTB)
    run_flag                                 0x20000028   Data           1  main.o(.data)
    mode0_step                               0x20000029   Data           1  main.o(.data)
    mode1_step                               0x2000002a   Data           1  main.o(.data)
    dirty_full_cnt                           0x2000002c   Data           2  main.o(.data)
    sleep_cnt                                0x2000002e   Data           1  main.o(.data)
    sys_status                               0x2000002f   Data           1  main.o(.data)
    sys_faults                               0x20000030   Data           2  main.o(.data)
    work_mode                                0x20000034   Data           8  main.o(.data)
    ir                                       0x2000003c   Data           2  main.o(.data)
    SystemCoreClock                          0x20000040   Data           4  main.o(.data)
    pwm2_cnt                                 0x20000044   Data           1  target_isr.o(.data)
    pwm0_cnt                                 0x20000045   Data           1  target_isr.o(.data)
    pwm1_cnt                                 0x20000046   Data           1  target_isr.o(.data)
    motor_pwm_cnt                            0x20000047   Data           1  target_isr.o(.data)
    pwm1_overtime                            0x20000048   Data           2  target_isr.o(.data)
    pwm2_overtime                            0x2000004a   Data           2  target_isr.o(.data)
    wake_up_flag                             0x2000004c   Data           1  target_isr.o(.data)
    systick_cnt                              0x2000004d   Data           1  target_isr.o(.data)
    brush_type                               0x2000004e   Data           1  target_isr.o(.data)
    last_brush_type                          0x2000004f   Data           1  target_isr.o(.data)
    pmu_cnt                                  0x20000068   Data           1  target_isr.o(.data)
    sw1KeyFlag                               0x20000069   Data           1  target_isr.o(.data)
    sw2KeyFlag                               0x2000006a   Data           1  target_isr.o(.data)
    audio_test_over                          0x2000006b   Data           1  target_isr.o(.data)
    audio_ff_cnt                             0x2000006c   Data           2  target_isr.o(.data)
    lcd_send_cnt                             0x2000006e   Data           1  target_isr.o(.data)
    lcd_send_data                            0x2000006f   Data           2  target_isr.o(.data)
    spi1_tx_dis                              0x20000071   Data           1  target_isr.o(.data)
    photo_data_read_step                     0x20000072   Data           1  target_isr.o(.data)
    TaskTimer                                0x20000074   Data           8  user.o(.data)
    audio_play_buf                           0x2000007c   Data          10  user.o(.data)
    wsx_full_check                           0x20000086   Data           8  user.o(.data)
    adc_result                               0x20000090   Data           2  adc.o(.data)
    no_water_flag                            0x20000092   Data           1  adc.o(.data)
    last_no_water_flag                       0x20000093   Data           1  adc.o(.data)
    charge_flag                              0x20000094   Data           1  adc.o(.data)
    charge_over_flag                         0x20000095   Data           1  adc.o(.data)
    low_bat_flag                             0x20000096   Data           1  adc.o(.data)
    no_water_display                         0x20000097   Data           1  adc.o(.data)
    charge_insert_flag                       0x20000098   Data           1  adc.o(.data)
    AD_Cnt                                   0x20000099   Data           1  adc.o(.data)
    AD_AverageValue                          0x2000009a   Data           2  adc.o(.data)
    AD_Buf                                   0x2000009c   Data          56  adc.o(.data)
    adc_channel                              0x200000d4   Data           4  adc.o(.data)
    adcConvertDone                           0x200000d8   Data           1  adc.o(.data)
    qAdcResultValue                          0x200000dc   Data           8  adc.o(.data)
    f_test                                   0x200000e4   Data           1  adc.o(.data)
    global_ms                                0x200000f4   Data           4  delay.o(.data)
    global_us                                0x200000f8   Data           4  delay.o(.data)
    qSportRxState                            0x200000fc   Data           1  dwinscreendriver.o(.data)
    batteryRxState                           0x20000103   Data           1  battery.o(.data)
    ana_reg3_tmp                             0x20000110   Data           4  lib_clk.o(.data)
    pxCurrentTCB                             0x20000114   Data           4  tasks.o(.data)
    uxTopUsedPriority                        0x2000014c   Data           4  tasks.o(.data)
    __stdout                                 0x200001b4   Data           4  stdout.o(.data)
    uart                                     0x200001b8   Data         192  uart.o(.bss)
    chargePedestalData                       0x200002c0   Data          16  chargepedestal.o(.bss)
    V8530ReceiveFromChargePedestalData       0x200002d0   Data          33  chargepedestal.o(.bss)
    batteryData                              0x200002f2   Data          20  battery.o(.bss)
    xQueueRegistry                           0x20000308   Data          64  queue.o(.bss)
    _SEGGER_RTT                              0x200044a0   Data         168  segger_rtt.o(.bss)
    __initial_sp                             0x20006ff8   Data           0  startup_target.o(STACK)



==============================================================================

Memory Map of the image

  Image Entry point : 0x00000341

  Load Region LR_IROM1 (Base: 0x00000000, Size: 0x00006940, Max: 0x00040000, ABSOLUTE, COMPRESSED[0x000067f4])

    Execution Region ER_IROM1 (Exec base: 0x00000000, Load base: 0x00000000, Size: 0x00006788, Max: 0x00040000, ABSOLUTE)

    Exec Addr    Load Addr    Size         Type   Attr      Idx    E Section Name        Object

    0x00000000   0x00000000   0x000000c0   Data   RO          198    RESET               startup_target.o
    0x000000c0   0x000000c0   0x00000280   Code   RO          199    .ARM.__AT_0xC0      startup_target.o
    0x00000340   0x00000340   0x00000000   Code   RO          836  * .ARM.Collect$$$$00000000  mc_p.l(entry.o)
    0x00000340   0x00000340   0x00000004   Code   RO          992    .ARM.Collect$$$$00000001  mc_p.l(entry2.o)
    0x00000344   0x00000344   0x00000004   Code   RO          995    .ARM.Collect$$$$00000004  mc_p.l(entry5.o)
    0x00000348   0x00000348   0x00000000   Code   RO          997    .ARM.Collect$$$$00000008  mc_p.l(entry7b.o)
    0x00000348   0x00000348   0x00000000   Code   RO          999    .ARM.Collect$$$$0000000A  mc_p.l(entry8b.o)
    0x00000348   0x00000348   0x00000008   Code   RO         1000    .ARM.Collect$$$$0000000B  mc_p.l(entry9a.o)
    0x00000350   0x00000350   0x00000000   Code   RO         1002    .ARM.Collect$$$$0000000D  mc_p.l(entry10a.o)
    0x00000350   0x00000350   0x00000000   Code   RO         1004    .ARM.Collect$$$$0000000F  mc_p.l(entry11a.o)
    0x00000350   0x00000350   0x00000004   Code   RO          993    .ARM.Collect$$$$00002712  mc_p.l(entry2.o)
    0x00000354   0x00000354   0x00000078   Code   RO          755    .emb_text           port.o
    0x000003cc   0x000003cc   0x0000000c   Code   RO          200    .text               startup_target.o
    0x000003d8   0x000003d8   0x0000002c   Code   RO          839    .text               mc_p.l(uidiv.o)
    0x00000404   0x00000404   0x00000028   Code   RO          840    .text               mc_p.l(idiv.o)
    0x0000042c   0x0000042c   0x00000024   Code   RO          841    .text               mc_p.l(memcpya.o)
    0x00000450   0x00000450   0x00000024   Code   RO          843    .text               mc_p.l(memseta.o)
    0x00000474   0x00000474   0x00000012   Code   RO          845    .text               mc_p.l(strcpy.o)
    0x00000486   0x00000486   0x00000002   PAD
    0x00000488   0x00000488   0x00000164   Code   RO          981    .text               mf_p.l(dadd.o)
    0x000005ec   0x000005ec   0x000000d0   Code   RO          982    .text               mf_p.l(dmul.o)
    0x000006bc   0x000006bc   0x000000f0   Code   RO          983    .text               mf_p.l(ddiv.o)
    0x000007ac   0x000007ac   0x00000060   Code   RO         1007    .text               mc_p.l(uldiv.o)
    0x0000080c   0x0000080c   0x00000020   Code   RO         1008    .text               mc_p.l(llshl.o)
    0x0000082c   0x0000082c   0x00000026   Code   RO         1009    .text               mc_p.l(llsshr.o)
    0x00000852   0x00000852   0x00000000   Code   RO         1010    .text               mc_p.l(iusefp.o)
    0x00000852   0x00000852   0x000000be   Code   RO         1012    .text               mf_p.l(depilogue.o)
    0x00000910   0x00000910   0x00000040   Code   RO         1014    .text               mf_p.l(dfixul.o)
    0x00000950   0x00000950   0x00000028   Code   RO         1015    .text               mf_p.l(cdrcmple.o)
    0x00000978   0x00000978   0x00000024   Code   RO         1016    .text               mc_p.l(init.o)
    0x0000099c   0x0000099c   0x00000022   Code   RO         1017    .text               mc_p.l(llushr.o)
    0x000009be   0x000009be   0x0000003a   Code   RO         1023    .text               mc_p.l(__dczerorl.o)
    0x000009f8   0x000009f8   0x00000070   Code   RO          203    i.ADC_CAPDivisionCmd  lib_adc.o
    0x00000a68   0x00000a68   0x0000000c   Code   RO          211    i.ADC_ClearManualDoneFlag  lib_adc.o
    0x00000a74   0x00000a74   0x0000008c   Code   RO          212    i.ADC_Cmd           lib_adc.o
    0x00000b00   0x00000b00   0x0000004c   Code   RO          213    i.ADC_DeInit        lib_adc.o
    0x00000b4c   0x00000b4c   0x0000007c   Code   RO          214    i.ADC_GetADCConversionValue  lib_adc.o
    0x00000bc8   0x00000bc8   0x00000018   Code   RO          218    i.ADC_GetManualDoneFlag  lib_adc.o
    0x00000be0   0x00000be0   0x00000084   Code   RO          222    i.ADC_INTConfig     lib_adc.o
    0x00000c64   0x00000c64   0x0000022c   Code   RO          223    i.ADC_Init          lib_adc.o
    0x00000e90   0x00000e90   0x00000024   Code   RO          225    i.ADC_StartManual   lib_adc.o
    0x00000eb4   0x00000eb4   0x0000002c   Code   RO           77    i.ANA_IRQHandler    adc.o
    0x00000ee0   0x00000ee0   0x00000144   Code   RO          821    i.AppTaskCreate     taskmanage.o
    0x00001024   0x00001024   0x00000440   Code   RO          250    i.CLK_ClockConfig   lib_clk.o
    0x00001464   0x00001464   0x000001f8   Code   RO          252    i.CLK_GetHCLKFreq   lib_clk.o
    0x0000165c   0x0000165c   0x0000001c   Code   RO          253    i.CLK_GetPCLKFreq   lib_clk.o
    0x00001678   0x00001678   0x00000048   Code   RO          541    i.CORTEX_NVIC_ClearPendingIRQ  lib_cortex.o
    0x000016c0   0x000016c0   0x00000048   Code   RO          543    i.CORTEX_NVIC_EnableIRQ  lib_cortex.o
    0x00001708   0x00001708   0x00000064   Code   RO          549    i.CORTEX_SetPriority_ClearPending_EnableIRQ  lib_cortex.o
    0x0000176c   0x0000176c   0x00000038   Code   RO          550    i.CORTEX_SystemTick_Config  lib_cortex.o
    0x000017a4   0x000017a4   0x0000002a   Code   RO            3    i.Clock_Init        main.o
    0x000017ce   0x000017ce   0x00000002   Code   RO           37    i.DMA_IRQHandler    target_isr.o
    0x000017d0   0x000017d0   0x00000002   Code   RO           38    i.FLASH_IRQHandler  target_isr.o
    0x000017d2   0x000017d2   0x00000002   PAD
    0x000017d4   0x000017d4   0x000000ec   Code   RO          317    i.GPIOA_Init        lib_gpio.o
    0x000018c0   0x000018c0   0x000000b8   Code   RO          320    i.GPIOA_ReadInputDataBit  lib_gpio.o
    0x00001978   0x00001978   0x0000011c   Code   RO          328    i.GPIOBToF_Init     lib_gpio.o
    0x00001a94   0x00001a94   0x000000d8   Code   RO          332    i.GPIOBToF_ReadOutputDataBit  lib_gpio.o
    0x00001b6c   0x00001b6c   0x00000008   Code   RO          333    i.GPIOBToF_ResetBits  lib_gpio.o
    0x00001b74   0x00001b74   0x00000008   Code   RO          334    i.GPIOBToF_SetBits  lib_gpio.o
    0x00001b7c   0x00001b7c   0x000000ac   Code   RO          336    i.GPIOBToF_WriteBit  lib_gpio.o
    0x00001c28   0x00001c28   0x0000009c   Code   RO            4    i.GPIO_init         main.o
    0x00001cc4   0x00001cc4   0x00000004   Code   RO           39    i.HardFault_Handler  target_isr.o
    0x00001cc8   0x00001cc8   0x00000002   Code   RO           40    i.I2C_IRQHandler    target_isr.o
    0x00001cca   0x00001cca   0x00000002   Code   RO           41    i.ISO78160_IRQHandler  target_isr.o
    0x00001ccc   0x00001ccc   0x00000002   Code   RO           42    i.ISO78161_IRQHandler  target_isr.o
    0x00001cce   0x00001cce   0x00000004   Code   RO           43    i.NMI_Handler       target_isr.o
    0x00001cd2   0x00001cd2   0x00000002   PAD
    0x00001cd4   0x00001cd4   0x00000054   Code   RO          397    i.PMU_ClearIOAINTStatus  lib_pmu.o
    0x00001d28   0x00001d28   0x000000a4   Code   RO          409    i.PMU_GetIOAINTStatus  lib_pmu.o
    0x00001dcc   0x00001dcc   0x00000080   Code   RO          416    i.PMU_INTConfig     lib_pmu.o
    0x00001e4c   0x00001e4c   0x00000118   Code   RO           44    i.PMU_IRQHandler    target_isr.o
    0x00001f64   0x00001f64   0x0000017c   Code   RO          424    i.PMU_WakeUpPinConfig  lib_pmu.o
    0x000020e0   0x000020e0   0x00000002   Code   RO           45    i.PWM0_IRQHandler   target_isr.o
    0x000020e2   0x000020e2   0x00000002   Code   RO           46    i.PWM1_IRQHandler   target_isr.o
    0x000020e4   0x000020e4   0x00000002   Code   RO           47    i.PWM2_IRQHandler   target_isr.o
    0x000020e6   0x000020e6   0x00000002   Code   RO           48    i.PWM3_IRQHandler   target_isr.o
    0x000020e8   0x000020e8   0x000000d4   Code   RO          429    i.PWM_BaseInit      lib_pwm.o
    0x000021bc   0x000021bc   0x00000068   Code   RO          435    i.PWM_ClearCounter  lib_pwm.o
    0x00002224   0x00002224   0x000000c4   Code   RO          439    i.PWM_OC1Init       lib_pwm.o
    0x000022e8   0x000022e8   0x000000c4   Code   RO          440    i.PWM_OC2Init       lib_pwm.o
    0x000023ac   0x000023ac   0x000000c8   Code   RO          442    i.PWM_OLineConfig   lib_pwm.o
    0x00002474   0x00002474   0x000000bc   Code   RO          443    i.PWM_OutputCmd     lib_pwm.o
    0x00002530   0x00002530   0x00000002   Code   RO           49    i.RTC_IRQHandler    target_isr.o
    0x00002532   0x00002532   0x00000002   PAD
    0x00002534   0x00002534   0x00000074   Code   RO          458    i.RTC_PrescalerConfig  lib_rtc.o
    0x000025a8   0x000025a8   0x00000014   Code   RO          468    i.RTC_WaitForSynchro  lib_rtc.o
    0x000025bc   0x000025bc   0x00000068   Code   RO          469    i.RTC_WriteProtection  lib_rtc.o
    0x00002624   0x00002624   0x00000048   Code   RO          801    i.SEGGER_RTT_Write  segger_rtt.o
    0x0000266c   0x0000266c   0x00000084   Code   RO          802    i.SEGGER_RTT_WriteNoLock  segger_rtt.o
    0x000026f0   0x000026f0   0x00000024   Code   RO          813    i.SEGGER_RTT_printf  segger_rtt_printf.o
    0x00002714   0x00002714   0x00000218   Code   RO          814    i.SEGGER_RTT_vprintf  segger_rtt_printf.o
    0x0000292c   0x0000292c   0x00000002   Code   RO           50    i.SPI1_IRQHandler   target_isr.o
    0x0000292e   0x0000292e   0x00000002   Code   RO           51    i.SPI2_IRQHandler   target_isr.o
    0x00002930   0x00002930   0x00000020   Code   RO          132    i.Stdio_Init        v_stdio.o
    0x00002950   0x00002950   0x00000024   Code   RO          757    i.SysTick_Handler   port.o
    0x00002974   0x00002974   0x00000028   Code   RO           52    i.TMR0_IRQHandler   target_isr.o
    0x0000299c   0x0000299c   0x000000b8   Code   RO           53    i.TMR1_IRQHandler   target_isr.o
    0x00002a54   0x00002a54   0x00000018   Code   RO           54    i.TMR2_IRQHandler   target_isr.o
    0x00002a6c   0x00002a6c   0x00000018   Code   RO           55    i.TMR3_IRQHandler   target_isr.o
    0x00002a84   0x00002a84   0x00000064   Code   RO          490    i.TMR_ClearINTStatus  lib_tmr.o
    0x00002ae8   0x00002ae8   0x00000088   Code   RO          491    i.TMR_Cmd           lib_tmr.o
    0x00002b70   0x00002b70   0x00000074   Code   RO          492    i.TMR_DeInit        lib_tmr.o
    0x00002be4   0x00002be4   0x00000070   Code   RO          494    i.TMR_GetINTStatus  lib_tmr.o
    0x00002c54   0x00002c54   0x00000088   Code   RO          495    i.TMR_INTConfig     lib_tmr.o
    0x00002cdc   0x00002cdc   0x000000a8   Code   RO          496    i.TMR_Init          lib_tmr.o
    0x00002d84   0x00002d84   0x00000014   Code   RO           64    i.Task_InitTime     user.o
    0x00002d98   0x00002d98   0x00000002   Code   RO           56    i.U32K0_IRQHandler  target_isr.o
    0x00002d9a   0x00002d9a   0x00000002   Code   RO           57    i.U32K1_IRQHandler  target_isr.o
    0x00002d9c   0x00002d9c   0x00000044   Code   RO          113    i.UART0_IRQHandler  uart.o
    0x00002de0   0x00002de0   0x00000044   Code   RO          114    i.UART1_IRQHandler  uart.o
    0x00002e24   0x00002e24   0x00000044   Code   RO          115    i.UART2_IRQHandler  uart.o
    0x00002e68   0x00002e68   0x00000002   Code   RO          116    i.UART3_IRQHandler  uart.o
    0x00002e6a   0x00002e6a   0x00000002   Code   RO          117    i.UART4_IRQHandler  uart.o
    0x00002e6c   0x00002e6c   0x0000007c   Code   RO          118    i.UART5_IRQHandler  uart.o
    0x00002ee8   0x00002ee8   0x00000090   Code   RO          515    i.UART_ClearINTStatus  lib_uart.o
    0x00002f78   0x00002f78   0x0000008c   Code   RO          517    i.UART_DeInit       lib_uart.o
    0x00003004   0x00003004   0x0000009c   Code   RO          520    i.UART_GetINTStatus  lib_uart.o
    0x000030a0   0x000030a0   0x000000b8   Code   RO          521    i.UART_INTConfig    lib_uart.o
    0x00003158   0x00003158   0x0000014c   Code   RO          522    i.UART_Init         lib_uart.o
    0x000032a4   0x000032a4   0x00000074   Code   RO          523    i.UART_ReceiveData  lib_uart.o
    0x00003318   0x00003318   0x00000074   Code   RO          524    i.UART_SendData     lib_uart.o
    0x0000338c   0x0000338c   0x00000012   Code   RO          525    i.UART_StructInit   lib_uart.o
    0x0000339e   0x0000339e   0x00000002   PAD
    0x000033a0   0x000033a0   0x000000d4   Code   RO          136    i.V8530ReceiveDWINScreenData  dwinscreendriver.o
    0x00003474   0x00003474   0x00000002   Code   RO          144    i.V8530ReceiveDataFromChargePedestal  chargepedestal.o
    0x00003476   0x00003476   0x00000002   PAD
    0x00003478   0x00003478   0x0000015c   Code   RO          152    i.V8530ReceiveFromBattery  battery.o
    0x000035d4   0x000035d4   0x00000080   Code   RO          153    i.V8530SendDataToBattery  battery.o
    0x00003654   0x00003654   0x00000080   Code   RO          145    i.V8530SendDataToChargePedestal  chargepedestal.o
    0x000036d4   0x000036d4   0x00000070   Code   RO          137    i.V8530SendDataToDWINScreen  dwinscreendriver.o
    0x00003744   0x00003744   0x00000028   Code   RO          532    i.WDT_Disable       lib_wdt.o
    0x0000376c   0x0000376c   0x00000070   Code   RO          806    i._DoInit           segger_rtt.o
    0x000037dc   0x000037dc   0x0000001c   Code   RO          807    i._GetAvailWriteSpace  segger_rtt.o
    0x000037f8   0x000037f8   0x0000010e   Code   RO          815    i._PrintInt         segger_rtt_printf.o
    0x00003906   0x00003906   0x00000002   PAD
    0x00003908   0x00003908   0x0000011c   Code   RO          816    i._PrintUnsigned    segger_rtt_printf.o
    0x00003a24   0x00003a24   0x00000044   Code   RO          817    i._StoreChar        segger_rtt_printf.o
    0x00003a68   0x00003a68   0x0000007a   Code   RO          809    i._WriteBlocking    segger_rtt.o
    0x00003ae2   0x00003ae2   0x0000004a   Code   RO          810    i._WriteNoCheck     segger_rtt.o
    0x00003b2c   0x00003b2c   0x00000020   Code   RO          964    i.__0printf         mc_p.l(printfa.o)
    0x00003b4c   0x00003b4c   0x0000002e   Code   RO         1013    i.__ARM_clz         mf_p.l(depilogue.o)
    0x00003b7a   0x00003b7a   0x0000001c   Code   RO           88    i.__ARM_common_switch8  adc.o
    0x00003b96   0x00003b96   0x00000002   PAD
    0x00003b98   0x00003b98   0x00000018   Code   RO          551    i.__NVIC_ClearPendingIRQ  lib_cortex.o
    0x00003bb0   0x00003bb0   0x00000020   Code   RO          552    i.__NVIC_EnableIRQ  lib_cortex.o
    0x00003bd0   0x00003bd0   0x00000078   Code   RO          553    i.__NVIC_SetPriority  lib_cortex.o
    0x00003c48   0x00003c48   0x0000000e   Code   RO         1020    i.__scatterload_copy  mc_p.l(handlers.o)
    0x00003c56   0x00003c56   0x00000002   Code   RO         1021    i.__scatterload_null  mc_p.l(handlers.o)
    0x00003c58   0x00003c58   0x0000000e   Code   RO         1022    i.__scatterload_zeroinit  mc_p.l(handlers.o)
    0x00003c66   0x00003c66   0x00000002   PAD
    0x00003c68   0x00003c68   0x00000174   Code   RO          971    i._fp_digits        mc_p.l(printfa.o)
    0x00003ddc   0x00003ddc   0x000006ec   Code   RO          972    i._printf_core      mc_p.l(printfa.o)
    0x000044c8   0x000044c8   0x00000020   Code   RO          973    i._printf_post_padding  mc_p.l(printfa.o)
    0x000044e8   0x000044e8   0x0000002c   Code   RO          974    i._printf_pre_padding  mc_p.l(printfa.o)
    0x00004514   0x00004514   0x00000048   Code   RO           79    i.adc_init          adc.o
    0x0000455c   0x0000455c   0x00000004   Code   RO           10    i.assert_errhandler  main.o
    0x00004560   0x00004560   0x0000001e   Code   RO          119    i.calc_sum          uart.o
    0x0000457e   0x0000457e   0x00000002   PAD
    0x00004580   0x00004580   0x00000030   Code   RO           92    i.delay_init        delay.o
    0x000045b0   0x000045b0   0x00000050   Code   RO          657    i.eTaskConfirmSleepModeStatus  tasks.o
    0x00004600   0x00004600   0x00000054   Code   RO          179    i.floorBrushMotorInit  floorbrushmotor.o
    0x00004654   0x00004654   0x00000058   Code   RO          171    i.floorBrushPumpInit  floorbrushpump.o
    0x000046ac   0x000046ac   0x00000020   Code   RO          133    i.fputc             v_stdio.o
    0x000046cc   0x000046cc   0x0000000c   Code   RO          160    i.getHighSpeedMotorStatus  highspeedmotor.o
    0x000046d8   0x000046d8   0x00000054   Code   RO          163    i.highSpeedMotorInit  highspeedmotor.o
    0x0000472c   0x0000472c   0x000000b8   Code   RO           17    i.main              main.o
    0x000047e4   0x000047e4   0x0000003c   Code   RO          823    i.messageProcessTask  taskmanage.o
    0x00004820   0x00004820   0x00000018   Code   RO          824    i.messageQueueInit  taskmanage.o
    0x00004838   0x00004838   0x000000a4   Code   RO          660    i.prvAddCurrentTaskToDelayedList  tasks.o
    0x000048dc   0x000048dc   0x000000d8   Code   RO          661    i.prvAddNewTaskToReadyList  tasks.o
    0x000049b4   0x000049b4   0x00000078   Code   RO          726    i.prvCheckForValidListAndQueue  timers.o
    0x00004a2c   0x00004a2c   0x00000048   Code   RO          662    i.prvCheckTasksWaitingTermination  tasks.o
    0x00004a74   0x00004a74   0x0000002c   Code   RO          590    i.prvCopyDataFromQueue  queue.o
    0x00004aa0   0x00004aa0   0x00000044   Code   RO          663    i.prvDeleteTCB      tasks.o
    0x00004ae4   0x00004ae4   0x00000050   Code   RO          664    i.prvGetExpectedIdleTime  tasks.o
    0x00004b34   0x00004b34   0x0000002c   Code   RO          727    i.prvGetNextExpireTime  timers.o
    0x00004b60   0x00004b60   0x0000007c   Code   RO          770    i.prvHeapInit       heap_4.o
    0x00004bdc   0x00004bdc   0x00000064   Code   RO          665    i.prvIdleTask       tasks.o
    0x00004c40   0x00004c40   0x0000002c   Code   RO          594    i.prvInitialiseNewQueue  queue.o
    0x00004c6c   0x00004c6c   0x000000ce   Code   RO          666    i.prvInitialiseNewTask  tasks.o
    0x00004d3a   0x00004d3a   0x00000002   PAD
    0x00004d3c   0x00004d3c   0x00000064   Code   RO          667    i.prvInitialiseTaskLists  tasks.o
    0x00004da0   0x00004da0   0x00000068   Code   RO          771    i.prvInsertBlockIntoFreeList  heap_4.o
    0x00004e08   0x00004e08   0x00000054   Code   RO          729    i.prvInsertTimerInActiveList  timers.o
    0x00004e5c   0x00004e5c   0x0000001c   Code   RO          595    i.prvIsQueueEmpty   queue.o
    0x00004e78   0x00004e78   0x00000044   Code   RO          730    i.prvProcessExpiredTimer  timers.o
    0x00004ebc   0x00004ebc   0x0000011c   Code   RO          731    i.prvProcessReceivedCommands  timers.o
    0x00004fd8   0x00004fd8   0x0000006c   Code   RO          732    i.prvProcessTimerOrBlockTask  timers.o
    0x00005044   0x00005044   0x00000028   Code   RO          733    i.prvReloadTimer    timers.o
    0x0000506c   0x0000506c   0x00000034   Code   RO          669    i.prvResetNextTaskUnblockTime  tasks.o
    0x000050a0   0x000050a0   0x0000002c   Code   RO          734    i.prvSampleTimeNow  timers.o
    0x000050cc   0x000050cc   0x00000044   Code   RO          735    i.prvSwitchTimerLists  timers.o
    0x00005110   0x00005110   0x00000024   Code   RO          758    i.prvTaskExitError  port.o
    0x00005134   0x00005134   0x0000001a   Code   RO          736    i.prvTimerTask      timers.o
    0x0000514e   0x0000514e   0x0000008e   Code   RO          597    i.prvUnlockQueue    queue.o
    0x000051dc   0x000051dc   0x00000144   Code   RO          772    i.pvPortMalloc      heap_4.o
    0x00005320   0x00005320   0x00000020   Code   RO          759    i.pxPortInitialiseStack  port.o
    0x00005340   0x00005340   0x0000002c   Code   RO          827    i.sensorTask        taskmanage.o
    0x0000536c   0x0000536c   0x0000000c   Code   RO          166    i.setHighSpeedMotorStatus  highspeedmotor.o
    0x00005378   0x00005378   0x0000004c   Code   RO          828    i.testFreeRTOS      taskmanage.o
    0x000053c4   0x000053c4   0x00000014   Code   RO           23    i.testGPIOHigh      main.o
    0x000053d8   0x000053d8   0x00000014   Code   RO           24    i.testGPIOLow       main.o
    0x000053ec   0x000053ec   0x00000030   Code   RO           25    i.testGPIOinit      main.o
    0x0000541c   0x0000541c   0x00000068   Code   RO          829    i.test_Task         taskmanage.o
    0x00005484   0x00005484   0x00000034   Code   RO          187    i.timer0Init        hardwaretimer.o
    0x000054b8   0x000054b8   0x00000010   Code   RO          188    i.timer0Start       hardwaretimer.o
    0x000054c8   0x000054c8   0x00000010   Code   RO          189    i.timer0Stop        hardwaretimer.o
    0x000054d8   0x000054d8   0x0000003c   Code   RO          190    i.timer1Init        hardwaretimer.o
    0x00005514   0x00005514   0x00000004   Code   RO          120    i.uart0_rx_check    uart.o
    0x00005518   0x00005518   0x00000044   Code   RO          121    i.uart1_rx_check    uart.o
    0x0000555c   0x0000555c   0x00000028   Code   RO          123    i.uart2_rx_check    uart.o
    0x00005584   0x00005584   0x00000004   Code   RO          125    i.uart3_rx_check    uart.o
    0x00005588   0x00005588   0x00000028   Code   RO          830    i.uartTask          taskmanage.o
    0x000055b0   0x000055b0   0x00000058   Code   RO          127    i.uarts_data_init   uart.o
    0x00005608   0x00005608   0x00000160   Code   RO           28    i.uarts_init        main.o
    0x00005768   0x00005768   0x0000001c   Code   RO           66    i.user_data_init    user.o
    0x00005784   0x00005784   0x00000028   Code   RO          582    i.uxListRemove      list.o
    0x000057ac   0x000057ac   0x00000018   Code   RO          831    i.vApplicationGetIdleTaskMemory  taskmanage.o
    0x000057c4   0x000057c4   0x00000018   Code   RO          832    i.vApplicationGetTimerTaskMemory  taskmanage.o
    0x000057dc   0x000057dc   0x00000004   Code   RO          833    i.vApplicationIdleHook  taskmanage.o
    0x000057e0   0x000057e0   0x0000001a   Code   RO          583    i.vListInitialise   list.o
    0x000057fa   0x000057fa   0x00000006   Code   RO          584    i.vListInitialiseItem  list.o
    0x00005800   0x00005800   0x00000036   Code   RO          585    i.vListInsert       list.o
    0x00005836   0x00005836   0x00000018   Code   RO          586    i.vListInsertEnd    list.o
    0x0000584e   0x0000584e   0x00000002   PAD
    0x00005850   0x00005850   0x0000001c   Code   RO          761    i.vPortEnterCritical  port.o
    0x0000586c   0x0000586c   0x00000028   Code   RO          762    i.vPortExitCritical  port.o
    0x00005894   0x00005894   0x00000090   Code   RO          773    i.vPortFree         heap_4.o
    0x00005924   0x00005924   0x00000060   Code   RO          763    i.vPortSetupTimerInterrupt  port.o
    0x00005984   0x00005984   0x00000144   Code   RO          764    i.vPortSuppressTicksAndSleep  port.o
    0x00005ac8   0x00005ac8   0x00000018   Code   RO          765    i.vPortYield        port.o
    0x00005ae0   0x00005ae0   0x00000054   Code   RO          603    i.vQueueAddToRegistry  queue.o
    0x00005b34   0x00005b34   0x0000004c   Code   RO          607    i.vQueueWaitForMessageRestricted  queue.o
    0x00005b80   0x00005b80   0x00000044   Code   RO          681    i.vTaskDelay        tasks.o
    0x00005bc4   0x00005bc4   0x000000bc   Code   RO          682    i.vTaskDelete       tasks.o
    0x00005c80   0x00005c80   0x00000018   Code   RO          686    i.vTaskInternalSetTimeOutState  tasks.o
    0x00005c98   0x00005c98   0x0000000c   Code   RO          687    i.vTaskMissedYield  tasks.o
    0x00005ca4   0x00005ca4   0x0000002c   Code   RO          688    i.vTaskPlaceOnEventList  tasks.o
    0x00005cd0   0x00005cd0   0x00000058   Code   RO          689    i.vTaskPlaceOnEventListRestricted  tasks.o
    0x00005d28   0x00005d28   0x000000a8   Code   RO          697    i.vTaskStartScheduler  tasks.o
    0x00005dd0   0x00005dd0   0x00000034   Code   RO          698    i.vTaskStepTick     tasks.o
    0x00005e04   0x00005e04   0x00000010   Code   RO          700    i.vTaskSuspendAll   tasks.o
    0x00005e14   0x00005e14   0x00000080   Code   RO          701    i.vTaskSwitchContext  tasks.o
    0x00005e94   0x00005e94   0x00000038   Code   RO          766    i.xPortStartScheduler  port.o
    0x00005ecc   0x00005ecc   0x00000068   Code   RO          612    i.xQueueGenericCreate  queue.o
    0x00005f34   0x00005f34   0x00000074   Code   RO          613    i.xQueueGenericCreateStatic  queue.o
    0x00005fa8   0x00005fa8   0x000000b6   Code   RO          614    i.xQueueGenericReset  queue.o
    0x0000605e   0x0000605e   0x00000138   Code   RO          623    i.xQueueReceive     queue.o
    0x00006196   0x00006196   0x00000002   PAD
    0x00006198   0x00006198   0x00000078   Code   RO          703    i.xTaskCheckForTimeOut  tasks.o
    0x00006210   0x00006210   0x00000088   Code   RO          705    i.xTaskCreateStatic  tasks.o
    0x00006298   0x00006298   0x00000024   Code   RO          712    i.xTaskGetSchedulerState  tasks.o
    0x000062bc   0x000062bc   0x0000000c   Code   RO          713    i.xTaskGetTickCount  tasks.o
    0x000062c8   0x000062c8   0x000001a8   Code   RO          715    i.xTaskIncrementTick  tasks.o
    0x00006470   0x00006470   0x0000010c   Code   RO          718    i.xTaskRemoveFromEventList  tasks.o
    0x0000657c   0x0000657c   0x0000015c   Code   RO          719    i.xTaskResumeAll    tasks.o
    0x000066d8   0x000066d8   0x00000070   Code   RO          745    i.xTimerCreateTimerTask  timers.o
    0x00006748   0x00006748   0x00000010   Data   RO          818    .constdata          segger_rtt_printf.o
    0x00006758   0x00006758   0x00000030   Data   RO         1018    Region$$Table       anon$$obj.o


    Execution Region RW_IRAM1 (Exec base: 0x20000000, Load base: 0x00006788, Size: 0x00006ff8, Max: 0x00008000, ABSOLUTE, COMPRESSED[0x00000044])

    Exec Addr    Load Addr    Size         Type   Attr      Idx    E Section Name        Object

    0x20000000   0x00006788   0x00000028   Code   RO          538    i.PMU_EnterIdle_FlashDSTB  lib_coderam.o
    0x20000028   COMPRESSED   0x0000001c   Data   RW           34    .data               main.o
    0x20000044   COMPRESSED   0x0000002f   Data   RW           60    .data               target_isr.o
    0x20000073   COMPRESSED   0x00000001   PAD
    0x20000074   COMPRESSED   0x0000001a   Data   RW           68    .data               user.o
    0x2000008e   COMPRESSED   0x00000002   PAD
    0x20000090   COMPRESSED   0x00000064   Data   RW           86    .data               adc.o
    0x200000f4   COMPRESSED   0x00000008   Data   RW           95    .data               delay.o
    0x200000fc   COMPRESSED   0x00000005   Data   RW          141    .data               dwinscreendriver.o
    0x20000101   COMPRESSED   0x00000002   Data   RW          149    .data               chargepedestal.o
    0x20000103   COMPRESSED   0x00000005   Data   RW          157    .data               battery.o
    0x20000108   COMPRESSED   0x00000008   Data   RW          168    .data               highspeedmotor.o
    0x20000110   COMPRESSED   0x00000004   Data   RW          257    .data               lib_clk.o
    0x20000114   COMPRESSED   0x00000040   Data   RW          722    .data               tasks.o
    0x20000154   COMPRESSED   0x00000014   Data   RW          752    .data               timers.o
    0x20000168   COMPRESSED   0x00000010   Data   RW          767    .data               port.o
    0x20000178   COMPRESSED   0x00000020   Data   RW          779    .data               heap_4.o
    0x20000198   COMPRESSED   0x0000001c   Data   RW          835    .data               taskmanage.o
    0x200001b4   COMPRESSED   0x00000004   Data   RW         1006    .data               mc_p.l(stdout.o)
    0x200001b8        -       0x000000c0   Zero   RW          128    .bss                uart.o
    0x20000278        -       0x00000048   Zero   RW          140    .bss                dwinscreendriver.o
    0x200002c0        -       0x00000031   Zero   RW          148    .bss                chargepedestal.o
    0x200002f1   COMPRESSED   0x00000001   PAD
    0x200002f2        -       0x00000014   Zero   RW          156    .bss                battery.o
    0x20000306   COMPRESSED   0x00000002   PAD
    0x20000308        -       0x00000040   Zero   RW          627    .bss                queue.o
    0x20000348        -       0x000000c8   Zero   RW          721    .bss                tasks.o
    0x20000410        -       0x00000090   Zero   RW          751    .bss                timers.o
    0x200004a0        -       0x00004000   Zero   RW          778    .bss                heap_4.o
    0x200044a0        -       0x000004b8   Zero   RW          811    .bss                segger_rtt.o
    0x20004958        -       0x000016a0   Zero   RW          834    .bss                taskmanage.o
    0x20005ff8        -       0x00001000   Zero   RW          196    STACK               startup_target.o


==============================================================================

Image component sizes


      Code (inc. data)   RO Data    RW Data    ZI Data      Debug   Object Name

       144         10          0        100          0          0   adc.o
       476        152          0          5         20          0   battery.o
       130         60          0          2         49          0   chargepedestal.o
        48          8          0          8          0          0   delay.o
       324         84          0          5         72          0   dwinscreendriver.o
        84         10          0          0          0          0   floorbrushmotor.o
        88         12          0          0          0          0   floorbrushpump.o
       144         24          0          0          0          0   hardwaretimer.o
       696         70          0         32      16384          0   heap_4.o
       108         18          0          8          0          0   highspeedmotor.o
      1212        284          0          0          0          0   lib_adc.o
      1620        136          0          4          0          0   lib_clk.o
        40         14          0          0          0          0   lib_coderam.o
       476        168          0          0          0          0   lib_cortex.o
      1108        248          0          0          0          0   lib_gpio.o
       756        204          0          0          0          0   lib_pmu.o
      1096        298          0          0          0          0   lib_pwm.o
       240        112          0          0          0          0   lib_rtc.o
       768        294          0          0          0          0   lib_tmr.o
      1206        340          0          0          0          0   lib_uart.o
        40          8          0          0          0          0   lib_wdt.o
       150          0          0          0          0          0   list.o
       826         54          0         28          0          0   main.o
       792         92          0         16          0          0   port.o
      1132          4          0          0         64          0   queue.o
       540         48          0          0       1208          0   segger_rtt.o
      1194          4         16          0          0          0   segger_rtt_printf.o
       652        172        192          0       4096          0   startup_target.o
       588        138          0         47          0          0   target_isr.o
       724        338          0         28       5792          0   taskmanage.o
      3270        416          0         64        200          0   tasks.o
       998        114          0         20        144          0   timers.o
       566         56          0          0        192          0   uart.o
        48         12          0         26          0          0   user.o
        64         12          0          0          0          0   v_stdio.o

    ----------------------------------------------------------------------
     22370       4014        256        396      28224          0   Object Totals
         0          0         48          0          0          0   (incl. Generated)
        22          0          0          3          3          0   (incl. Padding)

    ----------------------------------------------------------------------

      Code (inc. data)   RO Data    RW Data    ZI Data      Debug   Library Member Name

        58          0          0          0          0          0   __dczerorl.o
         0          0          0          0          0          0   entry.o
         0          0          0          0          0          0   entry10a.o
         0          0          0          0          0          0   entry11a.o
         8          4          0          0          0          0   entry2.o
         4          0          0          0          0          0   entry5.o
         0          0          0          0          0          0   entry7b.o
         0          0          0          0          0          0   entry8b.o
         8          4          0          0          0          0   entry9a.o
        30          0          0          0          0          0   handlers.o
        40          0          0          0          0          0   idiv.o
        36          8          0          0          0          0   init.o
         0          0          0          0          0          0   iusefp.o
        32          0          0          0          0          0   llshl.o
        38          0          0          0          0          0   llsshr.o
        34          0          0          0          0          0   llushr.o
        36          0          0          0          0          0   memcpya.o
        36          0          0          0          0          0   memseta.o
      2252         98          0          0          0          0   printfa.o
         0          0          0          4          0          0   stdout.o
        18          0          0          0          0          0   strcpy.o
        44          0          0          0          0          0   uidiv.o
        96          0          0          0          0          0   uldiv.o
        40          2          0          0          0          0   cdrcmple.o
       356          4          0          0          0          0   dadd.o
       240          6          0          0          0          0   ddiv.o
       236          0          0          0          0          0   depilogue.o
        64         10          0          0          0          0   dfixul.o
       208          6          0          0          0          0   dmul.o

    ----------------------------------------------------------------------
      3918        142          0          4          0          0   Library Totals
         4          0          0          0          0          0   (incl. Padding)

    ----------------------------------------------------------------------

      Code (inc. data)   RO Data    RW Data    ZI Data      Debug   Library Name

      2770        114          0          4          0          0   mc_p.l
      1144         28          0          0          0          0   mf_p.l

    ----------------------------------------------------------------------
      3918        142          0          4          0          0   Library Totals

    ----------------------------------------------------------------------

==============================================================================


      Code (inc. data)   RO Data    RW Data    ZI Data      Debug   

     26288       4156        256        400      28224          0   Grand Totals
     26288       4156        256         68      28224          0   ELF Image Totals (compressed)
     26288       4156        256         68          0          0   ROM Totals

==============================================================================

    Total RO  Size (Code + RO Data)                26544 (  25.92kB)
    Total RW  Size (RW Data + ZI Data)             28624 (  27.95kB)
    Total ROM Size (Code + RO Data + RW Data)      26612 (  25.99kB)

==============================================================================

